<html>
  <head>
    <meta charset="utf-8">
    <meta name="viewport" content="width=device-width, initial-scale=1.0">
    <link rel="stylesheet" type="text/css" href="normalize.css">
    <link rel="stylesheet" type="text/css" href="doc.css">
  </head>
  <body>
    <h1 class="document-title">
      Package: heroic.common
    </h1>
    <div class="grid-container">
      <div class="grid-packages">
        <section class="section-content section-packages">
  <h1 class="section-title">Packages</h1>
  <div class="section-body">
    <ul class="packages-list">
      <li><b>heroic.common</b></li>
      <li>
        <a href="heroic_v1.html">heroic.v1</a>
      </li>
      <li>
        <a href="test.html">test</a>
      </li>
    </ul>
  </div>
</section>
<section class="section-content section-types-overview">
  <h1 class="section-title">Types</h1>
  <div class="section-body">
    <h2>
      <a href="#Date">Date</a>
    </h2>
  </div>
</section>

      </div>
      <div class="grid-decls">
        <section id="Date" class="section-content section-type">
  <h1 class="section-title">
    <a class="link" href="#Date">Date</a>
    <span class="type">type</span>
  </h1>
  <div class="section-body">
    <div class="fields">
      <h2>Fields</h2>
      <table class="spaced">
        <tr classes="field required">
          <td class="mime">
            <span class="field-ident">field</span>
          </td>
          <td class="type">
            <span class="ty"><span class="type-unsigned">
              <code class="type-name">unsigned</code>
              <span class="type-size-sep">/</span>
              <span class="type-size">64</span>
            </span>
            </span>
          </td>
          <td class="description">
          </td>
        </tr>
      </table>
    </div>
  </div>
</section>

      </div>
    </div>
  </body>
</html>
