<html><head><meta name="viewport" content="width=device-width, initial-scale=1.0"><link rel="stylesheet" type="text/css" href="normalize.css"><link rel="stylesheet" type="text/css" href="doc.css"></head><body><h1 class="document-title">Package: heroic.v1</h1><div class="grid-container"><div class="grid-packages"><section class="section-content section-packages"><h1 class="section-title">Packages</h1><div class="section-body"><ul class="packages-list"><li><a href="heroic_common.html">heroic.common</a></li><li><b>heroic.v1</b></li><li><a href="test.html">test</a></li></ul></div></section></div><div class="grid-decls"><section id="Sampling" class="section-content section-type"><h1 class="section-title">Sampling<span class="type">type</span></h1><div class="section-body"><div class="fields"><div class="field optional"><span class="field-ident">unit</span><span class="field-modifier">?</span><span class="field-type"><span class="ty"><span class="type-rp-name"><a href="#TimeUnit">TimeUnit</a></span></span></span></div><div class="field required"><span class="field-ident">size</span><span class="field-type"><span class="ty"><span class="type-unsigned"><code class="type-name">unsigned</code></span></span></span></div><div class="field optional"><span class="field-ident">extent</span><span class="field-modifier">?</span><span class="field-type"><span class="ty"><span class="type-unsigned"><code class="type-name">unsigned</code></span></span></span></div></div></div></section><section id="SI" class="section-content section-enum"><h1 class="section-title">SI<span class="type">enum</span></h1><div class="section-body"><div class="variants"><div class="variant"><h4 class="name">NANO</h4></div><div class="variant"><h4 class="name">MICRO</h4></div><div class="variant"><h4 class="name">MILLI</h4></div></div></div></section><section id="TimeUnit" class="section-content section-enum"><h1 class="section-title">TimeUnit<span class="type">enum</span></h1><div class="section-body"><div class="variants"><div class="variant"><h4 class="name">SECONDS</h4></div><div class="variant"><h4 class="name">MINUTES</h4></div></div></div></section><section id="Point" class="section-content section-tuple"><h1 class="section-title">Point<span class="type">tuple</span></h1><div class="section-body"><div class="fields"><div class="field required"><span class="field-ident">timestamp</span><span class="field-type"><span class="ty"><span class="type-unsigned"><code class="type-name">unsigned</code><span class="type-size-sep">/</span><span class="type-size">64</span></span></span></span><span class="field-alias"><span class="field-alias-as">as</span><code class="field-alias-name">"TS"</code></span></div><div class="field required"><span class="field-ident">value</span><span class="field-type"><span class="ty"><span class="type-double"><code class="type-name">double</code></span></span></span></div></div></div></section><section id="Event" class="section-content section-tuple"><h1 class="section-title">Event<span class="type">tuple</span></h1><div class="section-body"><div class="fields"><div class="field required"><span class="field-ident">timestamp</span><span class="field-type"><span class="ty"><span class="type-unsigned"><code class="type-name">unsigned</code><span class="type-size-sep">/</span><span class="type-size">64</span></span></span></span></div><div class="field optional"><span class="field-ident">payload</span><span class="field-modifier">?</span><span class="field-type"><span class="ty"><span class="type-any"><code class="type-name">any</code></span></span></span></div></div></div></section><section id="Samples" class="section-content section-interface"><h1 class="section-title">Samples<span class="type">interface</span></h1><div class="section-body"><h2 id="Samples_Events">Events</h2><div class="fields"><div class="field required"><span class="field-ident">name</span><span class="field-type"><span class="ty"><span class="type-string"><code class="type-name">string</code></span></span></span></div><div class="field required"><span class="field-ident">data</span><span class="field-type"><span class="ty"><span class="type-array"><span class="type-array-left">[</span><span class="ty"><span class="type-rp-name"><a href="#Event">Event</a></span></span><span class="type-array-right">]</span></span></span></span></div></div><h2 id="Samples_Points">Points</h2><div class="fields"><div class="field required"><span class="field-ident">name</span><span class="field-type"><span class="ty"><span class="type-string"><code class="type-name">string</code></span></span></span></div><div class="field required"><span class="field-ident">data</span><span class="field-type"><span class="ty"><span class="type-array"><span class="type-array-left">[</span><span class="ty"><span class="type-rp-name"><a href="#Point">Point</a></span></span><span class="type-array-right">]</span></span></span></span></div></div></div></section><section id="Query" class="section-content section-type"><h1 class="section-title">Query<span class="type">type</span></h1><div class="section-body"><div class="fields"><div class="field optional"><span class="field-ident">query</span><span class="field-modifier">?</span><span class="field-type"><span class="ty"><span class="type-string"><code class="type-name">string</code></span></span></span></div><div class="field optional"><span class="field-ident">aggregation</span><span class="field-modifier">?</span><span class="field-type"><span class="ty"><span class="type-rp-name"><a href="#Aggregation">Aggregation</a></span></span></span></div><div class="field optional"><span class="field-ident">date</span><span class="field-modifier">?</span><span class="field-type"><span class="ty"><span class="type-rp-name"><a href="heroic_common.html#Date">Date</a></span></span></span></div><div class="field optional"><span class="field-ident">parameters</span><span class="field-modifier">?</span><span class="field-type"><span class="ty"><span class="type-map"><span class="type-map-left">{</span><span class="ty"><span class="type-string"><code class="type-name">string</code></span></span><span class="type-map-sep">{</span><span class="ty"><span class="type-string"><code class="type-name">string</code></span></span><span class="type-map-right">}</span></span></span></span></div></div></div></section><section id="Duration" class="section-content section-interface"><h1 class="section-title">Duration<span class="type">interface</span></h1><div class="section-body"><h2 id="Duration_Absolute">Absolute</h2><div class="fields"><div class="field required"><span class="field-ident">start</span><span class="field-type"><span class="ty"><span class="type-unsigned"><code class="type-name">unsigned</code><span class="type-size-sep">/</span><span class="type-size">64</span></span></span></span></div><div class="field required"><span class="field-ident">end</span><span class="field-type"><span class="ty"><span class="type-unsigned"><code class="type-name">unsigned</code><span class="type-size-sep">/</span><span class="type-size">64</span></span></span></span></div></div></div></section><section id="Aggregation" class="section-content section-interface"><h1 class="section-title">Aggregation<span class="type">interface</span></h1><div class="section-body"><h2 id="Aggregation_Average">Average</h2><div class="fields"><div class="field optional"><span class="field-ident">sampling</span><span class="field-modifier">?</span><span class="field-type"><span class="ty"><span class="type-rp-name"><a href="#Sampling">Sampling</a></span></span></span></div><div class="field optional"><span class="field-ident">size</span><span class="field-modifier">?</span><span class="field-type"><span class="ty"><span class="type-rp-name"><a href="#Duration">Duration</a></span></span></span></div><div class="field optional"><span class="field-ident">extent</span><span class="field-modifier">?</span><span class="field-type"><span class="ty"><span class="type-rp-name"><a href="#Duration">Duration</a></span></span></span></div></div><h2 id="Aggregation_Chain">Chain</h2><div class="fields"><div class="field required"><span class="field-ident">chain</span><span class="field-type"><span class="ty"><span class="type-array"><span class="type-array-left">[</span><span class="ty"><span class="type-rp-name"><a href="#Aggregation">Aggregation</a></span></span><span class="type-array-right">]</span></span></span></span></div></div><h2 id="Aggregation_Sum">Sum</h2><div class="fields"><div class="field optional"><span class="field-ident">sampling</span><span class="field-modifier">?</span><span class="field-type"><span class="ty"><span class="type-rp-name"><a href="#Sampling">Sampling</a></span></span></span></div><div class="field optional"><span class="field-ident">size</span><span class="field-modifier">?</span><span class="field-type"><span class="ty"><span class="type-rp-name"><a href="#Duration">Duration</a></span></span></span></div><div class="field optional"><span class="field-ident">extent</span><span class="field-modifier">?</span><span class="field-type"><span class="ty"><span class="type-rp-name"><a href="#Duration">Duration</a></span></span></span></div></div></div></section><section id="ComplexEnum" class="section-content section-enum"><h1 class="section-title">ComplexEnum<span class="type">enum</span></h1><div class="section-body"><div class="variants"><div class="variant"><h4 class="name">FIRST</h4></div><div class="variant"><h4 class="name">SECOND</h4></div></div></div></section><section id="Complex21" class="section-content section-enum"><h1 class="section-title">Complex21<span class="type">enum</span></h1><div class="section-body"><div class="variants"><div class="variant"><h4 class="name">FIRST</h4></div><div class="variant"><h4 class="name">SECOND</h4></div></div></div></section></div></div></body></html>