<html><head><link rel="stylesheet" type="text/css" href="normalize.css"><link rel="stylesheet" type="text/css" href="doc.css"></head><body><ul><li><a href="heroic_common.html">heroic.common</a></li><li><a href="heroic_v1.html">heroic.v1</a></li><li><a href="test.html">test</a></li></ul></body></html>