<html>
  <head>
    <meta name="viewport" content="width=device-width, initial-scale=1.0">
    <link rel="stylesheet" type="text/css" href="normalize.css">
    <link rel="stylesheet" type="text/css" href="doc.css">
  </head>
  <body>
    <h1 class="document-title">
      Package: test
    </h1>
    <div class="grid-container">
      <div class="grid-packages">
        <section class="section-content section-packages">
  <h1 class="section-title">Packages</h1>
  <div class="section-body">
    <ul class="packages-list">
      <li>
        <a href="heroic_common.html">heroic.common</a>
      </li>
      <li>
        <a href="heroic_v1.html">heroic.v1</a>
      </li>
      <li><b>test</b></li>
    </ul>
  </div>
</section>
<section class="section-content section-types-overview">
  <h1 class="section-title">Types</h1>
  <div class="section-body">
    <h2>
      <a href="#Entry">Entry</a>
    </h2>
  </div>
</section>

      </div>
      <div class="grid-decls">
        <section id="Entry" class="section-content section-type">
  <h1 class="section-title">
    Entry<span class="type">type</span>
  </h1>
  <div class="section-body">
    <div class="fields">
      <h2>Fields</h2>
      <table class="spaced">
      </table>
    </div>
  </div>
</section>

      </div>
    </div>
  </body>
</html>
