Entry { _as: Some("string"), _break: None, _const: None, _continue: None, _crate: None, _else: None, _enum: None, _extern: None, _false: None, _fn: None, _for: None, _if: None, _impl: None, _in: None, _let: None, _loop: None, _match: None, _mod: None, _move: None, _mut: None, _pub: None, _ref: None, _return: None, _self: None, _static: None, _struct: None, _super: None, _trait: None, _true: None, _type: None, _unsafe: None, _use: None, _where: None, _while: None, _abstract: None, _alignof: None, _become: None, _box: None, _do: None, _final: None, _macro: None, _offsetof: None, _override: None, _priv: None, _proc: None, _pure: None, _sizeof: None, _typeof: None, _unsized: None, _virtual: None, _yield: None, imported: None }
{"as":"string"}
Entry { _as: None, _break: Some("string"), _const: None, _continue: None, _crate: None, _else: None, _enum: None, _extern: None, _false: None, _fn: None, _for: None, _if: None, _impl: None, _in: None, _let: None, _loop: None, _match: None, _mod: None, _move: None, _mut: None, _pub: None, _ref: None, _return: None, _self: None, _static: None, _struct: None, _super: None, _trait: None, _true: None, _type: None, _unsafe: None, _use: None, _where: None, _while: None, _abstract: None, _alignof: None, _become: None, _box: None, _do: None, _final: None, _macro: None, _offsetof: None, _override: None, _priv: None, _proc: None, _pure: None, _sizeof: None, _typeof: None, _unsized: None, _virtual: None, _yield: None, imported: None }
{"break":"string"}
Entry { _as: None, _break: None, _const: Some("string"), _continue: None, _crate: None, _else: None, _enum: None, _extern: None, _false: None, _fn: None, _for: None, _if: None, _impl: None, _in: None, _let: None, _loop: None, _match: None, _mod: None, _move: None, _mut: None, _pub: None, _ref: None, _return: None, _self: None, _static: None, _struct: None, _super: None, _trait: None, _true: None, _type: None, _unsafe: None, _use: None, _where: None, _while: None, _abstract: None, _alignof: None, _become: None, _box: None, _do: None, _final: None, _macro: None, _offsetof: None, _override: None, _priv: None, _proc: None, _pure: None, _sizeof: None, _typeof: None, _unsized: None, _virtual: None, _yield: None, imported: None }
{"const":"string"}
Entry { _as: None, _break: None, _const: None, _continue: Some("string"), _crate: None, _else: None, _enum: None, _extern: None, _false: None, _fn: None, _for: None, _if: None, _impl: None, _in: None, _let: None, _loop: None, _match: None, _mod: None, _move: None, _mut: None, _pub: None, _ref: None, _return: None, _self: None, _static: None, _struct: None, _super: None, _trait: None, _true: None, _type: None, _unsafe: None, _use: None, _where: None, _while: None, _abstract: None, _alignof: None, _become: None, _box: None, _do: None, _final: None, _macro: None, _offsetof: None, _override: None, _priv: None, _proc: None, _pure: None, _sizeof: None, _typeof: None, _unsized: None, _virtual: None, _yield: None, imported: None }
{"continue":"string"}
Entry { _as: None, _break: None, _const: None, _continue: None, _crate: Some("string"), _else: None, _enum: None, _extern: None, _false: None, _fn: None, _for: None, _if: None, _impl: None, _in: None, _let: None, _loop: None, _match: None, _mod: None, _move: None, _mut: None, _pub: None, _ref: None, _return: None, _self: None, _static: None, _struct: None, _super: None, _trait: None, _true: None, _type: None, _unsafe: None, _use: None, _where: None, _while: None, _abstract: None, _alignof: None, _become: None, _box: None, _do: None, _final: None, _macro: None, _offsetof: None, _override: None, _priv: None, _proc: None, _pure: None, _sizeof: None, _typeof: None, _unsized: None, _virtual: None, _yield: None, imported: None }
{"crate":"string"}
Entry { _as: None, _break: None, _const: None, _continue: None, _crate: None, _else: Some("string"), _enum: None, _extern: None, _false: None, _fn: None, _for: None, _if: None, _impl: None, _in: None, _let: None, _loop: None, _match: None, _mod: None, _move: None, _mut: None, _pub: None, _ref: None, _return: None, _self: None, _static: None, _struct: None, _super: None, _trait: None, _true: None, _type: None, _unsafe: None, _use: None, _where: None, _while: None, _abstract: None, _alignof: None, _become: None, _box: None, _do: None, _final: None, _macro: None, _offsetof: None, _override: None, _priv: None, _proc: None, _pure: None, _sizeof: None, _typeof: None, _unsized: None, _virtual: None, _yield: None, imported: None }
{"else":"string"}
Entry { _as: None, _break: None, _const: None, _continue: None, _crate: None, _else: None, _enum: Some("string"), _extern: None, _false: None, _fn: None, _for: None, _if: None, _impl: None, _in: None, _let: None, _loop: None, _match: None, _mod: None, _move: None, _mut: None, _pub: None, _ref: None, _return: None, _self: None, _static: None, _struct: None, _super: None, _trait: None, _true: None, _type: None, _unsafe: None, _use: None, _where: None, _while: None, _abstract: None, _alignof: None, _become: None, _box: None, _do: None, _final: None, _macro: None, _offsetof: None, _override: None, _priv: None, _proc: None, _pure: None, _sizeof: None, _typeof: None, _unsized: None, _virtual: None, _yield: None, imported: None }
{"enum":"string"}
Entry { _as: None, _break: None, _const: None, _continue: None, _crate: None, _else: None, _enum: None, _extern: Some("string"), _false: None, _fn: None, _for: None, _if: None, _impl: None, _in: None, _let: None, _loop: None, _match: None, _mod: None, _move: None, _mut: None, _pub: None, _ref: None, _return: None, _self: None, _static: None, _struct: None, _super: None, _trait: None, _true: None, _type: None, _unsafe: None, _use: None, _where: None, _while: None, _abstract: None, _alignof: None, _become: None, _box: None, _do: None, _final: None, _macro: None, _offsetof: None, _override: None, _priv: None, _proc: None, _pure: None, _sizeof: None, _typeof: None, _unsized: None, _virtual: None, _yield: None, imported: None }
{"extern":"string"}
Entry { _as: None, _break: None, _const: None, _continue: None, _crate: None, _else: None, _enum: None, _extern: None, _false: Some("string"), _fn: None, _for: None, _if: None, _impl: None, _in: None, _let: None, _loop: None, _match: None, _mod: None, _move: None, _mut: None, _pub: None, _ref: None, _return: None, _self: None, _static: None, _struct: None, _super: None, _trait: None, _true: None, _type: None, _unsafe: None, _use: None, _where: None, _while: None, _abstract: None, _alignof: None, _become: None, _box: None, _do: None, _final: None, _macro: None, _offsetof: None, _override: None, _priv: None, _proc: None, _pure: None, _sizeof: None, _typeof: None, _unsized: None, _virtual: None, _yield: None, imported: None }
{"false":"string"}
Entry { _as: None, _break: None, _const: None, _continue: None, _crate: None, _else: None, _enum: None, _extern: None, _false: None, _fn: Some("string"), _for: None, _if: None, _impl: None, _in: None, _let: None, _loop: None, _match: None, _mod: None, _move: None, _mut: None, _pub: None, _ref: None, _return: None, _self: None, _static: None, _struct: None, _super: None, _trait: None, _true: None, _type: None, _unsafe: None, _use: None, _where: None, _while: None, _abstract: None, _alignof: None, _become: None, _box: None, _do: None, _final: None, _macro: None, _offsetof: None, _override: None, _priv: None, _proc: None, _pure: None, _sizeof: None, _typeof: None, _unsized: None, _virtual: None, _yield: None, imported: None }
{"fn":"string"}
Entry { _as: None, _break: None, _const: None, _continue: None, _crate: None, _else: None, _enum: None, _extern: None, _false: None, _fn: None, _for: Some("string"), _if: None, _impl: None, _in: None, _let: None, _loop: None, _match: None, _mod: None, _move: None, _mut: None, _pub: None, _ref: None, _return: None, _self: None, _static: None, _struct: None, _super: None, _trait: None, _true: None, _type: None, _unsafe: None, _use: None, _where: None, _while: None, _abstract: None, _alignof: None, _become: None, _box: None, _do: None, _final: None, _macro: None, _offsetof: None, _override: None, _priv: None, _proc: None, _pure: None, _sizeof: None, _typeof: None, _unsized: None, _virtual: None, _yield: None, imported: None }
{"for":"string"}
Entry { _as: None, _break: None, _const: None, _continue: None, _crate: None, _else: None, _enum: None, _extern: None, _false: None, _fn: None, _for: None, _if: Some("string"), _impl: None, _in: None, _let: None, _loop: None, _match: None, _mod: None, _move: None, _mut: None, _pub: None, _ref: None, _return: None, _self: None, _static: None, _struct: None, _super: None, _trait: None, _true: None, _type: None, _unsafe: None, _use: None, _where: None, _while: None, _abstract: None, _alignof: None, _become: None, _box: None, _do: None, _final: None, _macro: None, _offsetof: None, _override: None, _priv: None, _proc: None, _pure: None, _sizeof: None, _typeof: None, _unsized: None, _virtual: None, _yield: None, imported: None }
{"if":"string"}
Entry { _as: None, _break: None, _const: None, _continue: None, _crate: None, _else: None, _enum: None, _extern: None, _false: None, _fn: None, _for: None, _if: None, _impl: Some("string"), _in: None, _let: None, _loop: None, _match: None, _mod: None, _move: None, _mut: None, _pub: None, _ref: None, _return: None, _self: None, _static: None, _struct: None, _super: None, _trait: None, _true: None, _type: None, _unsafe: None, _use: None, _where: None, _while: None, _abstract: None, _alignof: None, _become: None, _box: None, _do: None, _final: None, _macro: None, _offsetof: None, _override: None, _priv: None, _proc: None, _pure: None, _sizeof: None, _typeof: None, _unsized: None, _virtual: None, _yield: None, imported: None }
{"impl":"string"}
Entry { _as: None, _break: None, _const: None, _continue: None, _crate: None, _else: None, _enum: None, _extern: None, _false: None, _fn: None, _for: None, _if: None, _impl: None, _in: Some("string"), _let: None, _loop: None, _match: None, _mod: None, _move: None, _mut: None, _pub: None, _ref: None, _return: None, _self: None, _static: None, _struct: None, _super: None, _trait: None, _true: None, _type: None, _unsafe: None, _use: None, _where: None, _while: None, _abstract: None, _alignof: None, _become: None, _box: None, _do: None, _final: None, _macro: None, _offsetof: None, _override: None, _priv: None, _proc: None, _pure: None, _sizeof: None, _typeof: None, _unsized: None, _virtual: None, _yield: None, imported: None }
{"in":"string"}
Entry { _as: None, _break: None, _const: None, _continue: None, _crate: None, _else: None, _enum: None, _extern: None, _false: None, _fn: None, _for: None, _if: None, _impl: None, _in: None, _let: Some("string"), _loop: None, _match: None, _mod: None, _move: None, _mut: None, _pub: None, _ref: None, _return: None, _self: None, _static: None, _struct: None, _super: None, _trait: None, _true: None, _type: None, _unsafe: None, _use: None, _where: None, _while: None, _abstract: None, _alignof: None, _become: None, _box: None, _do: None, _final: None, _macro: None, _offsetof: None, _override: None, _priv: None, _proc: None, _pure: None, _sizeof: None, _typeof: None, _unsized: None, _virtual: None, _yield: None, imported: None }
{"let":"string"}
Entry { _as: None, _break: None, _const: None, _continue: None, _crate: None, _else: None, _enum: None, _extern: None, _false: None, _fn: None, _for: None, _if: None, _impl: None, _in: None, _let: None, _loop: Some("string"), _match: None, _mod: None, _move: None, _mut: None, _pub: None, _ref: None, _return: None, _self: None, _static: None, _struct: None, _super: None, _trait: None, _true: None, _type: None, _unsafe: None, _use: None, _where: None, _while: None, _abstract: None, _alignof: None, _become: None, _box: None, _do: None, _final: None, _macro: None, _offsetof: None, _override: None, _priv: None, _proc: None, _pure: None, _sizeof: None, _typeof: None, _unsized: None, _virtual: None, _yield: None, imported: None }
{"loop":"string"}
Entry { _as: None, _break: None, _const: None, _continue: None, _crate: None, _else: None, _enum: None, _extern: None, _false: None, _fn: None, _for: None, _if: None, _impl: None, _in: None, _let: None, _loop: None, _match: Some("string"), _mod: None, _move: None, _mut: None, _pub: None, _ref: None, _return: None, _self: None, _static: None, _struct: None, _super: None, _trait: None, _true: None, _type: None, _unsafe: None, _use: None, _where: None, _while: None, _abstract: None, _alignof: None, _become: None, _box: None, _do: None, _final: None, _macro: None, _offsetof: None, _override: None, _priv: None, _proc: None, _pure: None, _sizeof: None, _typeof: None, _unsized: None, _virtual: None, _yield: None, imported: None }
{"match":"string"}
Entry { _as: None, _break: None, _const: None, _continue: None, _crate: None, _else: None, _enum: None, _extern: None, _false: None, _fn: None, _for: None, _if: None, _impl: None, _in: None, _let: None, _loop: None, _match: None, _mod: Some("string"), _move: None, _mut: None, _pub: None, _ref: None, _return: None, _self: None, _static: None, _struct: None, _super: None, _trait: None, _true: None, _type: None, _unsafe: None, _use: None, _where: None, _while: None, _abstract: None, _alignof: None, _become: None, _box: None, _do: None, _final: None, _macro: None, _offsetof: None, _override: None, _priv: None, _proc: None, _pure: None, _sizeof: None, _typeof: None, _unsized: None, _virtual: None, _yield: None, imported: None }
{"mod":"string"}
Entry { _as: None, _break: None, _const: None, _continue: None, _crate: None, _else: None, _enum: None, _extern: None, _false: None, _fn: None, _for: None, _if: None, _impl: None, _in: None, _let: None, _loop: None, _match: None, _mod: None, _move: Some("string"), _mut: None, _pub: None, _ref: None, _return: None, _self: None, _static: None, _struct: None, _super: None, _trait: None, _true: None, _type: None, _unsafe: None, _use: None, _where: None, _while: None, _abstract: None, _alignof: None, _become: None, _box: None, _do: None, _final: None, _macro: None, _offsetof: None, _override: None, _priv: None, _proc: None, _pure: None, _sizeof: None, _typeof: None, _unsized: None, _virtual: None, _yield: None, imported: None }
{"move":"string"}
Entry { _as: None, _break: None, _const: None, _continue: None, _crate: None, _else: None, _enum: None, _extern: None, _false: None, _fn: None, _for: None, _if: None, _impl: None, _in: None, _let: None, _loop: None, _match: None, _mod: None, _move: None, _mut: Some("string"), _pub: None, _ref: None, _return: None, _self: None, _static: None, _struct: None, _super: None, _trait: None, _true: None, _type: None, _unsafe: None, _use: None, _where: None, _while: None, _abstract: None, _alignof: None, _become: None, _box: None, _do: None, _final: None, _macro: None, _offsetof: None, _override: None, _priv: None, _proc: None, _pure: None, _sizeof: None, _typeof: None, _unsized: None, _virtual: None, _yield: None, imported: None }
{"mut":"string"}
Entry { _as: None, _break: None, _const: None, _continue: None, _crate: None, _else: None, _enum: None, _extern: None, _false: None, _fn: None, _for: None, _if: None, _impl: None, _in: None, _let: None, _loop: None, _match: None, _mod: None, _move: None, _mut: None, _pub: Some("string"), _ref: None, _return: None, _self: None, _static: None, _struct: None, _super: None, _trait: None, _true: None, _type: None, _unsafe: None, _use: None, _where: None, _while: None, _abstract: None, _alignof: None, _become: None, _box: None, _do: None, _final: None, _macro: None, _offsetof: None, _override: None, _priv: None, _proc: None, _pure: None, _sizeof: None, _typeof: None, _unsized: None, _virtual: None, _yield: None, imported: None }
{"pub":"string"}
Entry { _as: None, _break: None, _const: None, _continue: None, _crate: None, _else: None, _enum: None, _extern: None, _false: None, _fn: None, _for: None, _if: None, _impl: None, _in: None, _let: None, _loop: None, _match: None, _mod: None, _move: None, _mut: None, _pub: None, _ref: Some("string"), _return: None, _self: None, _static: None, _struct: None, _super: None, _trait: None, _true: None, _type: None, _unsafe: None, _use: None, _where: None, _while: None, _abstract: None, _alignof: None, _become: None, _box: None, _do: None, _final: None, _macro: None, _offsetof: None, _override: None, _priv: None, _proc: None, _pure: None, _sizeof: None, _typeof: None, _unsized: None, _virtual: None, _yield: None, imported: None }
{"ref":"string"}
Entry { _as: None, _break: None, _const: None, _continue: None, _crate: None, _else: None, _enum: None, _extern: None, _false: None, _fn: None, _for: None, _if: None, _impl: None, _in: None, _let: None, _loop: None, _match: None, _mod: None, _move: None, _mut: None, _pub: None, _ref: None, _return: Some("string"), _self: None, _static: None, _struct: None, _super: None, _trait: None, _true: None, _type: None, _unsafe: None, _use: None, _where: None, _while: None, _abstract: None, _alignof: None, _become: None, _box: None, _do: None, _final: None, _macro: None, _offsetof: None, _override: None, _priv: None, _proc: None, _pure: None, _sizeof: None, _typeof: None, _unsized: None, _virtual: None, _yield: None, imported: None }
{"return":"string"}
Entry { _as: None, _break: None, _const: None, _continue: None, _crate: None, _else: None, _enum: None, _extern: None, _false: None, _fn: None, _for: None, _if: None, _impl: None, _in: None, _let: None, _loop: None, _match: None, _mod: None, _move: None, _mut: None, _pub: None, _ref: None, _return: None, _self: Some("string"), _static: None, _struct: None, _super: None, _trait: None, _true: None, _type: None, _unsafe: None, _use: None, _where: None, _while: None, _abstract: None, _alignof: None, _become: None, _box: None, _do: None, _final: None, _macro: None, _offsetof: None, _override: None, _priv: None, _proc: None, _pure: None, _sizeof: None, _typeof: None, _unsized: None, _virtual: None, _yield: None, imported: None }
{"self":"string"}
Entry { _as: None, _break: None, _const: None, _continue: None, _crate: None, _else: None, _enum: None, _extern: None, _false: None, _fn: None, _for: None, _if: None, _impl: None, _in: None, _let: None, _loop: None, _match: None, _mod: None, _move: None, _mut: None, _pub: None, _ref: None, _return: None, _self: None, _static: Some("string"), _struct: None, _super: None, _trait: None, _true: None, _type: None, _unsafe: None, _use: None, _where: None, _while: None, _abstract: None, _alignof: None, _become: None, _box: None, _do: None, _final: None, _macro: None, _offsetof: None, _override: None, _priv: None, _proc: None, _pure: None, _sizeof: None, _typeof: None, _unsized: None, _virtual: None, _yield: None, imported: None }
{"static":"string"}
Entry { _as: None, _break: None, _const: None, _continue: None, _crate: None, _else: None, _enum: None, _extern: None, _false: None, _fn: None, _for: None, _if: None, _impl: None, _in: None, _let: None, _loop: None, _match: None, _mod: None, _move: None, _mut: None, _pub: None, _ref: None, _return: None, _self: None, _static: None, _struct: Some("string"), _super: None, _trait: None, _true: None, _type: None, _unsafe: None, _use: None, _where: None, _while: None, _abstract: None, _alignof: None, _become: None, _box: None, _do: None, _final: None, _macro: None, _offsetof: None, _override: None, _priv: None, _proc: None, _pure: None, _sizeof: None, _typeof: None, _unsized: None, _virtual: None, _yield: None, imported: None }
{"struct":"string"}
Entry { _as: None, _break: None, _const: None, _continue: None, _crate: None, _else: None, _enum: None, _extern: None, _false: None, _fn: None, _for: None, _if: None, _impl: None, _in: None, _let: None, _loop: None, _match: None, _mod: None, _move: None, _mut: None, _pub: None, _ref: None, _return: None, _self: None, _static: None, _struct: None, _super: Some("string"), _trait: None, _true: None, _type: None, _unsafe: None, _use: None, _where: None, _while: None, _abstract: None, _alignof: None, _become: None, _box: None, _do: None, _final: None, _macro: None, _offsetof: None, _override: None, _priv: None, _proc: None, _pure: None, _sizeof: None, _typeof: None, _unsized: None, _virtual: None, _yield: None, imported: None }
{"super":"string"}
Entry { _as: None, _break: None, _const: None, _continue: None, _crate: None, _else: None, _enum: None, _extern: None, _false: None, _fn: None, _for: None, _if: None, _impl: None, _in: None, _let: None, _loop: None, _match: None, _mod: None, _move: None, _mut: None, _pub: None, _ref: None, _return: None, _self: None, _static: None, _struct: None, _super: None, _trait: Some("string"), _true: None, _type: None, _unsafe: None, _use: None, _where: None, _while: None, _abstract: None, _alignof: None, _become: None, _box: None, _do: None, _final: None, _macro: None, _offsetof: None, _override: None, _priv: None, _proc: None, _pure: None, _sizeof: None, _typeof: None, _unsized: None, _virtual: None, _yield: None, imported: None }
{"trait":"string"}
Entry { _as: None, _break: None, _const: None, _continue: None, _crate: None, _else: None, _enum: None, _extern: None, _false: None, _fn: None, _for: None, _if: None, _impl: None, _in: None, _let: None, _loop: None, _match: None, _mod: None, _move: None, _mut: None, _pub: None, _ref: None, _return: None, _self: None, _static: None, _struct: None, _super: None, _trait: None, _true: Some("string"), _type: None, _unsafe: None, _use: None, _where: None, _while: None, _abstract: None, _alignof: None, _become: None, _box: None, _do: None, _final: None, _macro: None, _offsetof: None, _override: None, _priv: None, _proc: None, _pure: None, _sizeof: None, _typeof: None, _unsized: None, _virtual: None, _yield: None, imported: None }
{"true":"string"}
Entry { _as: None, _break: None, _const: None, _continue: None, _crate: None, _else: None, _enum: None, _extern: None, _false: None, _fn: None, _for: None, _if: None, _impl: None, _in: None, _let: None, _loop: None, _match: None, _mod: None, _move: None, _mut: None, _pub: None, _ref: None, _return: None, _self: None, _static: None, _struct: None, _super: None, _trait: None, _true: None, _type: Some("string"), _unsafe: None, _use: None, _where: None, _while: None, _abstract: None, _alignof: None, _become: None, _box: None, _do: None, _final: None, _macro: None, _offsetof: None, _override: None, _priv: None, _proc: None, _pure: None, _sizeof: None, _typeof: None, _unsized: None, _virtual: None, _yield: None, imported: None }
{"type":"string"}
Entry { _as: None, _break: None, _const: None, _continue: None, _crate: None, _else: None, _enum: None, _extern: None, _false: None, _fn: None, _for: None, _if: None, _impl: None, _in: None, _let: None, _loop: None, _match: None, _mod: None, _move: None, _mut: None, _pub: None, _ref: None, _return: None, _self: None, _static: None, _struct: None, _super: None, _trait: None, _true: None, _type: None, _unsafe: Some("string"), _use: None, _where: None, _while: None, _abstract: None, _alignof: None, _become: None, _box: None, _do: None, _final: None, _macro: None, _offsetof: None, _override: None, _priv: None, _proc: None, _pure: None, _sizeof: None, _typeof: None, _unsized: None, _virtual: None, _yield: None, imported: None }
{"unsafe":"string"}
Entry { _as: None, _break: None, _const: None, _continue: None, _crate: None, _else: None, _enum: None, _extern: None, _false: None, _fn: None, _for: None, _if: None, _impl: None, _in: None, _let: None, _loop: None, _match: None, _mod: None, _move: None, _mut: None, _pub: None, _ref: None, _return: None, _self: None, _static: None, _struct: None, _super: None, _trait: None, _true: None, _type: None, _unsafe: None, _use: Some("string"), _where: None, _while: None, _abstract: None, _alignof: None, _become: None, _box: None, _do: None, _final: None, _macro: None, _offsetof: None, _override: None, _priv: None, _proc: None, _pure: None, _sizeof: None, _typeof: None, _unsized: None, _virtual: None, _yield: None, imported: None }
{"use":"string"}
Entry { _as: None, _break: None, _const: None, _continue: None, _crate: None, _else: None, _enum: None, _extern: None, _false: None, _fn: None, _for: None, _if: None, _impl: None, _in: None, _let: None, _loop: None, _match: None, _mod: None, _move: None, _mut: None, _pub: None, _ref: None, _return: None, _self: None, _static: None, _struct: None, _super: None, _trait: None, _true: None, _type: None, _unsafe: None, _use: None, _where: Some("string"), _while: None, _abstract: None, _alignof: None, _become: None, _box: None, _do: None, _final: None, _macro: None, _offsetof: None, _override: None, _priv: None, _proc: None, _pure: None, _sizeof: None, _typeof: None, _unsized: None, _virtual: None, _yield: None, imported: None }
{"where":"string"}
Entry { _as: None, _break: None, _const: None, _continue: None, _crate: None, _else: None, _enum: None, _extern: None, _false: None, _fn: None, _for: None, _if: None, _impl: None, _in: None, _let: None, _loop: None, _match: None, _mod: None, _move: None, _mut: None, _pub: None, _ref: None, _return: None, _self: None, _static: None, _struct: None, _super: None, _trait: None, _true: None, _type: None, _unsafe: None, _use: None, _where: None, _while: Some("string"), _abstract: None, _alignof: None, _become: None, _box: None, _do: None, _final: None, _macro: None, _offsetof: None, _override: None, _priv: None, _proc: None, _pure: None, _sizeof: None, _typeof: None, _unsized: None, _virtual: None, _yield: None, imported: None }
{"while":"string"}
Entry { _as: None, _break: None, _const: None, _continue: None, _crate: None, _else: None, _enum: None, _extern: None, _false: None, _fn: None, _for: None, _if: None, _impl: None, _in: None, _let: None, _loop: None, _match: None, _mod: None, _move: None, _mut: None, _pub: None, _ref: None, _return: None, _self: None, _static: None, _struct: None, _super: None, _trait: None, _true: None, _type: None, _unsafe: None, _use: None, _where: None, _while: None, _abstract: Some("string"), _alignof: None, _become: None, _box: None, _do: None, _final: None, _macro: None, _offsetof: None, _override: None, _priv: None, _proc: None, _pure: None, _sizeof: None, _typeof: None, _unsized: None, _virtual: None, _yield: None, imported: None }
{"abstract":"string"}
Entry { _as: None, _break: None, _const: None, _continue: None, _crate: None, _else: None, _enum: None, _extern: None, _false: None, _fn: None, _for: None, _if: None, _impl: None, _in: None, _let: None, _loop: None, _match: None, _mod: None, _move: None, _mut: None, _pub: None, _ref: None, _return: None, _self: None, _static: None, _struct: None, _super: None, _trait: None, _true: None, _type: None, _unsafe: None, _use: None, _where: None, _while: None, _abstract: None, _alignof: Some("string"), _become: None, _box: None, _do: None, _final: None, _macro: None, _offsetof: None, _override: None, _priv: None, _proc: None, _pure: None, _sizeof: None, _typeof: None, _unsized: None, _virtual: None, _yield: None, imported: None }
{"alignof":"string"}
Entry { _as: None, _break: None, _const: None, _continue: None, _crate: None, _else: None, _enum: None, _extern: None, _false: None, _fn: None, _for: None, _if: None, _impl: None, _in: None, _let: None, _loop: None, _match: None, _mod: None, _move: None, _mut: None, _pub: None, _ref: None, _return: None, _self: None, _static: None, _struct: None, _super: None, _trait: None, _true: None, _type: None, _unsafe: None, _use: None, _where: None, _while: None, _abstract: None, _alignof: None, _become: Some("string"), _box: None, _do: None, _final: None, _macro: None, _offsetof: None, _override: None, _priv: None, _proc: None, _pure: None, _sizeof: None, _typeof: None, _unsized: None, _virtual: None, _yield: None, imported: None }
{"become":"string"}
Entry { _as: None, _break: None, _const: None, _continue: None, _crate: None, _else: None, _enum: None, _extern: None, _false: None, _fn: None, _for: None, _if: None, _impl: None, _in: None, _let: None, _loop: None, _match: None, _mod: None, _move: None, _mut: None, _pub: None, _ref: None, _return: None, _self: None, _static: None, _struct: None, _super: None, _trait: None, _true: None, _type: None, _unsafe: None, _use: None, _where: None, _while: None, _abstract: None, _alignof: None, _become: None, _box: Some("string"), _do: None, _final: None, _macro: None, _offsetof: None, _override: None, _priv: None, _proc: None, _pure: None, _sizeof: None, _typeof: None, _unsized: None, _virtual: None, _yield: None, imported: None }
{"box":"string"}
Entry { _as: None, _break: None, _const: None, _continue: None, _crate: None, _else: None, _enum: None, _extern: None, _false: None, _fn: None, _for: None, _if: None, _impl: None, _in: None, _let: None, _loop: None, _match: None, _mod: None, _move: None, _mut: None, _pub: None, _ref: None, _return: None, _self: None, _static: None, _struct: None, _super: None, _trait: None, _true: None, _type: None, _unsafe: None, _use: None, _where: None, _while: None, _abstract: None, _alignof: None, _become: None, _box: None, _do: Some("string"), _final: None, _macro: None, _offsetof: None, _override: None, _priv: None, _proc: None, _pure: None, _sizeof: None, _typeof: None, _unsized: None, _virtual: None, _yield: None, imported: None }
{"do":"string"}
Entry { _as: None, _break: None, _const: None, _continue: None, _crate: None, _else: None, _enum: None, _extern: None, _false: None, _fn: None, _for: None, _if: None, _impl: None, _in: None, _let: None, _loop: None, _match: None, _mod: None, _move: None, _mut: None, _pub: None, _ref: None, _return: None, _self: None, _static: None, _struct: None, _super: None, _trait: None, _true: None, _type: None, _unsafe: None, _use: None, _where: None, _while: None, _abstract: None, _alignof: None, _become: None, _box: None, _do: None, _final: Some("string"), _macro: None, _offsetof: None, _override: None, _priv: None, _proc: None, _pure: None, _sizeof: None, _typeof: None, _unsized: None, _virtual: None, _yield: None, imported: None }
{"final":"string"}
Entry { _as: None, _break: None, _const: None, _continue: None, _crate: None, _else: None, _enum: None, _extern: None, _false: None, _fn: None, _for: None, _if: None, _impl: None, _in: None, _let: None, _loop: None, _match: None, _mod: None, _move: None, _mut: None, _pub: None, _ref: None, _return: None, _self: None, _static: None, _struct: None, _super: None, _trait: None, _true: None, _type: None, _unsafe: None, _use: None, _where: None, _while: None, _abstract: None, _alignof: None, _become: None, _box: None, _do: None, _final: None, _macro: Some("string"), _offsetof: None, _override: None, _priv: None, _proc: None, _pure: None, _sizeof: None, _typeof: None, _unsized: None, _virtual: None, _yield: None, imported: None }
{"macro":"string"}
Entry { _as: None, _break: None, _const: None, _continue: None, _crate: None, _else: None, _enum: None, _extern: None, _false: None, _fn: None, _for: None, _if: None, _impl: None, _in: None, _let: None, _loop: None, _match: None, _mod: None, _move: None, _mut: None, _pub: None, _ref: None, _return: None, _self: None, _static: None, _struct: None, _super: None, _trait: None, _true: None, _type: None, _unsafe: None, _use: None, _where: None, _while: None, _abstract: None, _alignof: None, _become: None, _box: None, _do: None, _final: None, _macro: None, _offsetof: Some("string"), _override: None, _priv: None, _proc: None, _pure: None, _sizeof: None, _typeof: None, _unsized: None, _virtual: None, _yield: None, imported: None }
{"offsetof":"string"}
Entry { _as: None, _break: None, _const: None, _continue: None, _crate: None, _else: None, _enum: None, _extern: None, _false: None, _fn: None, _for: None, _if: None, _impl: None, _in: None, _let: None, _loop: None, _match: None, _mod: None, _move: None, _mut: None, _pub: None, _ref: None, _return: None, _self: None, _static: None, _struct: None, _super: None, _trait: None, _true: None, _type: None, _unsafe: None, _use: None, _where: None, _while: None, _abstract: None, _alignof: None, _become: None, _box: None, _do: None, _final: None, _macro: None, _offsetof: None, _override: Some("string"), _priv: None, _proc: None, _pure: None, _sizeof: None, _typeof: None, _unsized: None, _virtual: None, _yield: None, imported: None }
{"override":"string"}
Entry { _as: None, _break: None, _const: None, _continue: None, _crate: None, _else: None, _enum: None, _extern: None, _false: None, _fn: None, _for: None, _if: None, _impl: None, _in: None, _let: None, _loop: None, _match: None, _mod: None, _move: None, _mut: None, _pub: None, _ref: None, _return: None, _self: None, _static: None, _struct: None, _super: None, _trait: None, _true: None, _type: None, _unsafe: None, _use: None, _where: None, _while: None, _abstract: None, _alignof: None, _become: None, _box: None, _do: None, _final: None, _macro: None, _offsetof: None, _override: None, _priv: Some("string"), _proc: None, _pure: None, _sizeof: None, _typeof: None, _unsized: None, _virtual: None, _yield: None, imported: None }
{"priv":"string"}
Entry { _as: None, _break: None, _const: None, _continue: None, _crate: None, _else: None, _enum: None, _extern: None, _false: None, _fn: None, _for: None, _if: None, _impl: None, _in: None, _let: None, _loop: None, _match: None, _mod: None, _move: None, _mut: None, _pub: None, _ref: None, _return: None, _self: None, _static: None, _struct: None, _super: None, _trait: None, _true: None, _type: None, _unsafe: None, _use: None, _where: None, _while: None, _abstract: None, _alignof: None, _become: None, _box: None, _do: None, _final: None, _macro: None, _offsetof: None, _override: None, _priv: None, _proc: Some("string"), _pure: None, _sizeof: None, _typeof: None, _unsized: None, _virtual: None, _yield: None, imported: None }
{"proc":"string"}
Entry { _as: None, _break: None, _const: None, _continue: None, _crate: None, _else: None, _enum: None, _extern: None, _false: None, _fn: None, _for: None, _if: None, _impl: None, _in: None, _let: None, _loop: None, _match: None, _mod: None, _move: None, _mut: None, _pub: None, _ref: None, _return: None, _self: None, _static: None, _struct: None, _super: None, _trait: None, _true: None, _type: None, _unsafe: None, _use: None, _where: None, _while: None, _abstract: None, _alignof: None, _become: None, _box: None, _do: None, _final: None, _macro: None, _offsetof: None, _override: None, _priv: None, _proc: None, _pure: Some("string"), _sizeof: None, _typeof: None, _unsized: None, _virtual: None, _yield: None, imported: None }
{"pure":"string"}
Entry { _as: None, _break: None, _const: None, _continue: None, _crate: None, _else: None, _enum: None, _extern: None, _false: None, _fn: None, _for: None, _if: None, _impl: None, _in: None, _let: None, _loop: None, _match: None, _mod: None, _move: None, _mut: None, _pub: None, _ref: None, _return: None, _self: None, _static: None, _struct: None, _super: None, _trait: None, _true: None, _type: None, _unsafe: None, _use: None, _where: None, _while: None, _abstract: None, _alignof: None, _become: None, _box: None, _do: None, _final: None, _macro: None, _offsetof: None, _override: None, _priv: None, _proc: None, _pure: None, _sizeof: Some("string"), _typeof: None, _unsized: None, _virtual: None, _yield: None, imported: None }
{"sizeof":"string"}
Entry { _as: None, _break: None, _const: None, _continue: None, _crate: None, _else: None, _enum: None, _extern: None, _false: None, _fn: None, _for: None, _if: None, _impl: None, _in: None, _let: None, _loop: None, _match: None, _mod: None, _move: None, _mut: None, _pub: None, _ref: None, _return: None, _self: None, _static: None, _struct: None, _super: None, _trait: None, _true: None, _type: None, _unsafe: None, _use: None, _where: None, _while: None, _abstract: None, _alignof: None, _become: None, _box: None, _do: None, _final: None, _macro: None, _offsetof: None, _override: None, _priv: None, _proc: None, _pure: None, _sizeof: None, _typeof: Some("string"), _unsized: None, _virtual: None, _yield: None, imported: None }
{"typeof":"string"}
Entry { _as: None, _break: None, _const: None, _continue: None, _crate: None, _else: None, _enum: None, _extern: None, _false: None, _fn: None, _for: None, _if: None, _impl: None, _in: None, _let: None, _loop: None, _match: None, _mod: None, _move: None, _mut: None, _pub: None, _ref: None, _return: None, _self: None, _static: None, _struct: None, _super: None, _trait: None, _true: None, _type: None, _unsafe: None, _use: None, _where: None, _while: None, _abstract: None, _alignof: None, _become: None, _box: None, _do: None, _final: None, _macro: None, _offsetof: None, _override: None, _priv: None, _proc: None, _pure: None, _sizeof: None, _typeof: None, _unsized: Some("string"), _virtual: None, _yield: None, imported: None }
{"unsized":"string"}
Entry { _as: None, _break: None, _const: None, _continue: None, _crate: None, _else: None, _enum: None, _extern: None, _false: None, _fn: None, _for: None, _if: None, _impl: None, _in: None, _let: None, _loop: None, _match: None, _mod: None, _move: None, _mut: None, _pub: None, _ref: None, _return: None, _self: None, _static: None, _struct: None, _super: None, _trait: None, _true: None, _type: None, _unsafe: None, _use: None, _where: None, _while: None, _abstract: None, _alignof: None, _become: None, _box: None, _do: None, _final: None, _macro: None, _offsetof: None, _override: None, _priv: None, _proc: None, _pure: None, _sizeof: None, _typeof: None, _unsized: None, _virtual: Some("string"), _yield: None, imported: None }
{"virtual":"string"}
Entry { _as: None, _break: None, _const: None, _continue: None, _crate: None, _else: None, _enum: None, _extern: None, _false: None, _fn: None, _for: None, _if: None, _impl: None, _in: None, _let: None, _loop: None, _match: None, _mod: None, _move: None, _mut: None, _pub: None, _ref: None, _return: None, _self: None, _static: None, _struct: None, _super: None, _trait: None, _true: None, _type: None, _unsafe: None, _use: None, _where: None, _while: None, _abstract: None, _alignof: None, _become: None, _box: None, _do: None, _final: None, _macro: None, _offsetof: None, _override: None, _priv: None, _proc: None, _pure: None, _sizeof: None, _typeof: None, _unsized: None, _virtual: None, _yield: Some("string"), imported: None }
{"yield":"string"}
Entry { _as: None, _break: None, _const: None, _continue: None, _crate: None, _else: None, _enum: None, _extern: None, _false: None, _fn: None, _for: None, _if: None, _impl: None, _in: None, _let: None, _loop: None, _match: None, _mod: None, _move: None, _mut: None, _pub: None, _ref: None, _return: None, _self: None, _static: None, _struct: None, _super: None, _trait: None, _true: None, _type: None, _unsafe: None, _use: None, _where: None, _while: None, _abstract: None, _alignof: None, _become: None, _box: None, _do: None, _final: None, _macro: None, _offsetof: None, _override: None, _priv: None, _proc: None, _pure: None, _sizeof: None, _typeof: None, _unsized: None, _virtual: None, _yield: None, imported: Some(Empty) }
{"imported":{}}
