Entry { tuple1: Some(Tuple1("foo", 42)), tuple2: None }
{"tuple1":["foo",42]}
Entry { tuple1: None, tuple2: Some(Tuple2("bar", Other { a: "foo" })) }
{"tuple2":["bar",{"a":"foo"}]}
