<html>
  <head>
    <meta charset="utf-8">
    <meta name="viewport" content="width=device-width, initial-scale=1.0">
    <link rel="stylesheet" type="text/css" href="../normalize.css">
    <link rel="stylesheet" type="text/css" href="../doc.css">
  </head>
  <body>
    <div class="container">
      <nav class="top">
        <a href="../index.html">Index</a>
        <span>&mdash;</span>
        <a href="../test/index.html">Package: test</a>
      </nav>
      <section id="Interface" class="section-content section-interface">
        <h1 class="section-title">
          <span class="kind">interface</span>
          <a class="name-local" href="interface.Interface.html">Interface</a>
        </h1>
        <div class="missing-doc">no documentation :(</div>
        <h2 id="Interface_SubType" class="sub-type-title">
          <span class="kind">subtype</span>
          <a class="name-part" href="interface.Interface.html">Interface</a>
          <span class="name-sep">::</span>
          <a class="name-local" href="interface.Interface.html#Interface_SubType">SubType</a>
        </h2>
        <div class="missing-doc">no documentation :(</div>
      </section>
    </div>
  </body>
</html>
