<html><head><meta name="viewport" content="width=device-width, initial-scale=1.0"><link rel="stylesheet" type="text/css" href="normalize.css"><link rel="stylesheet" type="text/css" href="doc.css"></head><body><h1 class="document-title">Package: bar@1.0.0</h1><div class="grid-container"><div class="grid-packages"><section class="section-content section-packages"><h1 class="section-title">Packages</h1><div class="section-body"><ul class="packages-list"><li><b>bar@1.0.0</b></li><li><a href="bar_2_0_0.html">bar@2.0.0</a></li><li><a href="foo_4_0_0.html">foo@4.0.0</a></li><li><a href="test.html">test</a></li></ul></div></section><section class="section-content section-types-overview"><h1 class="section-title">Types</h1><div class="section-body"><h2><a href="#Other">Other</a></h2></div></section></div><div class="grid-decls"><section id="Other" class="section-content section-type"><h1 class="section-title">Other<span class="type">type</span></h1><div class="section-body"><div class="fields"><h2>Fields</h2><table class="spaced"><tr classes="field required"><td class="mime"><span class="field-ident">name</span></td><td class="type"><span class="ty"><span class="type-string"><code class="type-name">string</code></span></span></td><td class="description"></td></tr></table></div></div></section></div></div></body></html>