<html><head><link rel="stylesheet" type="text/css" href="normalize.css"><link rel="stylesheet" type="text/css" href="doc.css"></head><body><section id="Other" class="section-type"><h1>Other<span class="type">type</span></h1><div class="description"><em>no description</em></div><div class="fields"><div class="field"><div class="name"><span>name2</span><span class="modifier">:</span><span class="ty"><span class="ty-string">string</span></span></div><div class="description"><em>no description</em></div></div></div></section></body></html>