<html><head><link rel="stylesheet" type="text/css" href="normalize.css"><link rel="stylesheet" type="text/css" href="doc.css"></head><body><section class="packages"><h1>Packages</h1><ul class="packages-list"><li><a href="bar_1_0_0.html">bar@1.0.0</a></li><li><a href="bar_2_0_0.html">bar@2.0.0</a></li><li><a href="foo_4_0_0.html">foo@4.0.0</a></li><li><b>test</b></li></ul></section><section id="Entry" class="section-type"><h1>Entry<span class="type">type</span></h1><div class="description"><em>no description</em></div><div class="fields"><div class="field"><div class="name optional"><span>thing</span><span class="modifier">?:</span><span class="ty"><span class="ty-name"><a href="foo_4_0_0.html#Thing">Thing</a></span></span></div><div class="description"><em>no description</em></div></div></div></section></body></html>