<Entry thing: <Thing name: 'The Thing', other: <Other name: 'The Other Thing'>, other2: <Other name2: 'The Other-Other Thing'>>>
{"thing": {"other2": {"name2": "The Other-Other Thing"}, "other": {"name": "The Other Thing"}, "name": "The Thing"}}
