<html>
  <head>
    <meta charset="utf-8">
    <meta name="viewport" content="width=device-width, initial-scale=1.0">
    <link rel="stylesheet" type="text/css" href="../../normalize.css">
    <link rel="stylesheet" type="text/css" href="../../doc.css">
  </head>
  <body>
    <nav class="top">
      <a href="../../index.html">To Index</a>
    </nav>
    <section class="section-content">
      <h1 class="section-title">
        <span class="kind">package</span>
        <span class="name-package">bar-1.0.0</span>
      </h1>
      <div class="missing-doc">no documentation :(</div>
      <h2 class="kind">Types</h2>
      <table>
        <tr>
          <td class="package-item">
            <a class="name-local" href="type.Other.html">Other</a>
          </td>
          <td class="package-item-doc">
            <div class="missing-doc">no documentation :(</div>
          </td>
        </tr>
      </table>
    </section>
  </body>
</html>
