<html>
  <head>
    <meta charset="utf-8">
    <meta name="viewport" content="width=device-width, initial-scale=1.0">
    <link rel="stylesheet" type="text/css" href="normalize.css">
    <link rel="stylesheet" type="text/css" href="doc.css">
  </head>
  <body>
    <h1 class="document-title">
      Package: common
    </h1>
    <div class="grid-container">
      <div class="grid-overview">
        <section class="section-content section-packages">
  <h1 class="section-title">Packages</h1>
  <div class="section-body">
    <ul class="packages-list">
      <li><b>common</b></li>
      <li>
        <a href="service.html">service</a>
      </li>
      <li>
        <a href="test.html">test</a>
      </li>
    </ul>
  </div>
</section>
<section class="section-content section-types-overview">
  <h1 class="section-title">Types</h1>
  <div class="section-body">
    <h2>
      <a href="#Entry">Entry</a>
    </h2>
    <h2>
      <a href="#ErrorMessage">ErrorMessage</a>
    </h2>
    <div class="description"><h1>Error me</h1>
</div>
  </div>
</section>

      </div>
      <div class="grid-decls">
        <section id="Entry" class="section-content section-type">
  <h1 class="section-title">
    <a class="link" href="#Entry">Entry</a>
    <span class="type">type</span>
  </h1>
  <div class="section-body">
    <div class="fields">
      <h2>Fields</h2>
      <table class="spaced">
        <tr classes="field required">
          <td class="mime">
            <span class="field-ident">name</span>
          </td>
          <td class="type">
            <span class="ty"><span class="type-string">
              <code class="type-name">string</code>
            </span>
            </span>
          </td>
          <td class="description">
          </td>
        </tr>
      </table>
    </div>
  </div>
</section>
<section id="ErrorMessage" class="section-content section-type">
  <h1 class="section-title">
    <a class="link" href="#ErrorMessage">ErrorMessage</a>
    <span class="type">type</span>
  </h1>
  <div class="section-body">
    <div class="description"><h1>Error me</h1>
</div>
    <div class="fields">
      <h2>Fields</h2>
      <table class="spaced">
        <tr classes="field required">
          <td class="mime">
            <span class="field-ident">message</span>
          </td>
          <td class="type">
            <span class="ty"><span class="type-string">
              <code class="type-name">string</code>
            </span>
            </span>
          </td>
          <td class="description">
          </td>
        </tr>
        <tr classes="field required">
          <td class="mime">
            <span class="field-ident">status_code</span>
          </td>
          <td class="type">
            <span class="ty"><span class="type-unsigned">u32</span>
            </span>
          </td>
          <td class="description">
          </td>
        </tr>
      </table>
    </div>
  </div>
</section>

      </div>
    </div>
  </body>
</html>
