<html>
  <head>
    <meta charset="utf-8">
    <meta name="viewport" content="width=device-width, initial-scale=1.0">
    <link rel="stylesheet" type="text/css" href="./normalize.css">
    <link rel="stylesheet" type="text/css" href="./doc.css">
  </head>
  <body>
    <nav class="top">
      <a href="./index.html">To Index</a>
    </nav>
    <section class="section-content">
      <h1 class="section-title">Index</h1>
      <h2 class="kind">Packages</h2>
      <table>
        <tr>
          <td class="package-item">
            <a class="name-package" href="./common/1.0.0/index.html">common-1.0.0</a>
          </td>
          <td class="package-item-doc">
            <div class="missing-doc">no documentation :(</div>
          </td>
        </tr>
        <tr>
          <td class="package-item">
            <a class="name-package" href="./service/index.html">service</a>
          </td>
          <td class="package-item-doc">
            <div class="missing-doc">no documentation :(</div>
          </td>
        </tr>
        <tr>
          <td class="package-item">
            <a class="name-package" href="./test/index.html">test</a>
          </td>
          <td class="package-item-doc">
            <div class="missing-doc">no documentation :(</div>
          </td>
        </tr>
      </table>
    </section>
  </body>
</html>
