<html>
  <head>
    <meta charset="utf-8">
    <meta name="viewport" content="width=device-width, initial-scale=1.0">
    <link rel="stylesheet" type="text/css" href="normalize.css">
    <link rel="stylesheet" type="text/css" href="doc.css">
  </head>
  <body>
    <h1 class="document-title">
      Package: service@2.0.0
    </h1>
    <div class="grid-container">
      <div class="grid-overview">
        <section class="section-content section-packages">
  <h1 class="section-title">Packages</h1>
  <div class="section-body">
    <ul class="packages-list">
      <li>
        <a href="common_1_0_0.html">common@1.0.0</a>
      </li>
      <li>
        <a href="service_1_0_0.html">service@1.0.0</a>
      </li>
      <li><b>service@2.0.0</b></li>
      <li>
        <a href="test.html">test</a>
      </li>
    </ul>
  </div>
</section>
<section class="section-content section-service-overview">
  <h1 class="section-title">Services</h1>
  <div class="section-body">
    <h2>MyService</h2>
    <div class="description"><h1>HUGE Example Service</h1>
</div>
    <div class="endpoint short get">
      <a class="endpoint-title" href="#MyService_GET_v2_foo_0">
        <span class="method">GET</span>
        <span class="url">/v2/foo</span>
      </a>
      <div class="endpoint-body">
        <div class="description"><h1>Search for a list of foos.</h1>
</div>
      </div>
    </div>
    <div class="endpoint short post">
      <a class="endpoint-title" href="#MyService_POST_v2_foo_1">
        <span class="method">POST</span>
        <span class="url">/v2/foo</span>
      </a>
      <div class="endpoint-body">
        <div class="description"><p>Create a new foo.</p>
</div>
      </div>
    </div>
    <div class="endpoint short get">
      <a class="endpoint-title" href="#MyService_GET_v2_foo_id_2">
        <span class="method">GET</span>
        <span class="url">/v2/foo/{id}</span>
      </a>
      <div class="endpoint-body">
        <div class="description"><h1>Get the foo with the current ID.</h1>
</div>
      </div>
    </div>
    <div class="endpoint short delete">
      <a class="endpoint-title" href="#MyService_DELETE_v2_foo_id_3">
        <span class="method">DELETE</span>
        <span class="url">/v2/foo/{id}</span>
      </a>
      <div class="endpoint-body">
        <div class="description"><h4>Delete the entity with the given id <code>{id}</code></h4>
</div>
      </div>
    </div>
  </div>
</section>

      </div>
      <div class="grid-decls">
        <section id="MyService" class="section-content section-service">
  <h1 class="section-title">
    <a class="link" href="#MyService">MyService</a>
    <span class="type">service</span>
  </h1>
  <div class="section-body">
    <div class="description"><h1>HUGE Example Service</h1>
<p>This is a test to see if the documentation makes <em>any</em> sense.</p>
</div>
    <div class="endpoint get" id="MyService_GET_v2_foo_0">
      <h2 class="endpoint-title">
        <span class="method">GET</span>
        <a class="url" href="#MyService_GET_v2_foo_0">/v2/foo</a>
      </h2>
      <div class="endpoint-body">
        <div class="description"><h1>Search for a list of foos.</h1>
<p>This uses method <code>GET</code> because it is <em>good</em>.</p>
</div>
        <h2>Returns</h2>
        <table class="spaced">
          <tr>
            <td class="status">404</td>
            <td class="mime">
              <code>text/plain</code>
            </td>
            <td class="type">
              <em>no body</em>
            </td>
            <td class="description">
              <p>resource not found</p>
<p>Something else?</p>

            </td>
          </tr>
          <tr>
            <td class="status">500</td>
            <td class="mime">
              <code>text/plain</code>
            </td>
            <td class="type">
              <span class="ty"><span class="type-rp-name">
                <a href="common_1_0_0.html#ErrorMessage">ErrorMessage</a>
              </span>
              </span>
            </td>
            <td class="description">
              <p>returned on internal server errors</p>

            </td>
          </tr>
          <tr>
            <td class="status">501</td>
            <td class="mime">
              <code>application/json</code>
            </td>
            <td class="type">
              <span class="ty"><span class="type-rp-name">
                <a href="common_1_0_0.html#ErrorMessage">ErrorMessage</a>
              </span>
              </span>
            </td>
            <td class="description">
              <p>other, interesting stuff</p>

            </td>
          </tr>
        </table>
      </div>
    </div>
    <div class="endpoint post" id="MyService_POST_v2_foo_1">
      <h2 class="endpoint-title">
        <span class="method">POST</span>
        <a class="url" href="#MyService_POST_v2_foo_1">/v2/foo</a>
      </h2>
      <div class="endpoint-body">
        <div class="description"><p>Create a new foo.</p>
</div>
        <h2>Accepts</h2>
        <table class="spaced">
          <tr>
            <td class="mime">
              <code>application/json</code>
            </td>
            <td class="type">
              <em>no body</em>
            </td>
            <td class="description">
            </td>
          </tr>
        </table>
        <h2>Returns</h2>
        <table class="spaced">
          <tr>
            <td class="status">404</td>
            <td class="mime">
              <code>text/plain</code>
            </td>
            <td class="type">
              <em>no body</em>
            </td>
            <td class="description">
              <p>resource not found</p>
<p>Something else?</p>

            </td>
          </tr>
          <tr>
            <td class="status">500</td>
            <td class="mime">
              <code>text/plain</code>
            </td>
            <td class="type">
              <span class="ty"><span class="type-rp-name">
                <a href="common_1_0_0.html#ErrorMessage">ErrorMessage</a>
              </span>
              </span>
            </td>
            <td class="description">
              <p>returned on internal server errors</p>

            </td>
          </tr>
          <tr>
            <td class="status">501</td>
            <td class="mime">
              <code>application/json</code>
            </td>
            <td class="type">
              <span class="ty"><span class="type-rp-name">
                <a href="common_1_0_0.html#ErrorMessage">ErrorMessage</a>
              </span>
              </span>
            </td>
            <td class="description">
              <p>other, interesting stuff</p>

            </td>
          </tr>
        </table>
      </div>
    </div>
    <div class="endpoint get" id="MyService_GET_v2_foo_id_2">
      <h2 class="endpoint-title">
        <span class="method">GET</span>
        <a class="url" href="#MyService_GET_v2_foo_id_2">/v2/foo/{id}</a>
      </h2>
      <div class="endpoint-body">
        <div class="description"><h1>Get the foo with the current ID.</h1>
<p>These things cannot do shit.</p>
<pre><code class="language-yaml">foo: 1234
</code></pre>
</div>
        <h2>Returns</h2>
        <table class="spaced">
          <tr>
            <td class="status">404</td>
            <td class="mime">
              <code>text/plain</code>
            </td>
            <td class="type">
              <em>no body</em>
            </td>
            <td class="description">
              <p>resource not found</p>
<p>Something else?</p>

            </td>
          </tr>
          <tr>
            <td class="status">500</td>
            <td class="mime">
              <code>text/plain</code>
            </td>
            <td class="type">
              <span class="ty"><span class="type-rp-name">
                <a href="common_1_0_0.html#ErrorMessage">ErrorMessage</a>
              </span>
              </span>
            </td>
            <td class="description">
              <p>returned on internal server errors</p>

            </td>
          </tr>
          <tr>
            <td class="status">501</td>
            <td class="mime">
              <code>application/json</code>
            </td>
            <td class="type">
              <span class="ty"><span class="type-rp-name">
                <a href="common_1_0_0.html#ErrorMessage">ErrorMessage</a>
              </span>
              </span>
            </td>
            <td class="description">
              <p>other, interesting stuff</p>

            </td>
          </tr>
        </table>
      </div>
    </div>
    <div class="endpoint delete" id="MyService_DELETE_v2_foo_id_3">
      <h2 class="endpoint-title">
        <span class="method">DELETE</span>
        <a class="url" href="#MyService_DELETE_v2_foo_id_3">/v2/foo/{id}</a>
      </h2>
      <div class="endpoint-body">
        <div class="description"><h4>Delete the entity with the given id <code>{id}</code></h4>
</div>
        <h2>Returns</h2>
        <table class="spaced">
          <tr>
            <td class="status">302</td>
            <td class="mime">
              <code>application/json</code>
            </td>
            <td class="type">
              <span class="ty"><span class="type-rp-name">
                <a href="common_1_0_0.html#ErrorMessage">ErrorMessage</a>
              </span>
              </span>
            </td>
            <td class="description">
              <p>Redirect stuff.</p>

            </td>
          </tr>
          <tr>
            <td class="status">404</td>
            <td class="mime">
              <code>text/plain</code>
            </td>
            <td class="type">
              <em>no body</em>
            </td>
            <td class="description">
              <p>resource not found</p>
<p>Something else?</p>

            </td>
          </tr>
          <tr>
            <td class="status">500</td>
            <td class="mime">
              <code>text/plain</code>
            </td>
            <td class="type">
              <span class="ty"><span class="type-rp-name">
                <a href="common_1_0_0.html#ErrorMessage">ErrorMessage</a>
              </span>
              </span>
            </td>
            <td class="description">
              <p>returned on internal server errors</p>

            </td>
          </tr>
          <tr>
            <td class="status">501</td>
            <td class="mime">
              <code>application/json</code>
            </td>
            <td class="type">
              <span class="ty"><span class="type-rp-name">
                <a href="common_1_0_0.html#ErrorMessage">ErrorMessage</a>
              </span>
              </span>
            </td>
            <td class="description">
              <p>other, interesting stuff</p>

            </td>
          </tr>
        </table>
      </div>
    </div>
  </div>
</section>

      </div>
    </div>
  </body>
</html>
