Entry(boolean_type=Optional[true], string_type=Optional.empty, datetime_type=Optional.empty, unsigned_32=Optional.empty, unsigned_64=Optional.empty, signed_32=Optional.empty, signed_64=Optional.empty, float_type=Optional.empty, double_type=Optional.empty, bytes_type=Optional.empty, any_type=Optional.empty, array_type=Optional.empty, map_type=Optional.empty)
{"boolean_type":true}
Entry(boolean_type=Optional.empty, string_type=Optional[foo], datetime_type=Optional.empty, unsigned_32=Optional.empty, unsigned_64=Optional.empty, signed_32=Optional.empty, signed_64=Optional.empty, float_type=Optional.empty, double_type=Optional.empty, bytes_type=Optional.empty, any_type=Optional.empty, array_type=Optional.empty, map_type=Optional.empty)
{"string_type":"foo"}
Entry(boolean_type=Optional.empty, string_type=Optional.empty, datetime_type=Optional[2017-10-14T11:42:06Z], unsigned_32=Optional.empty, unsigned_64=Optional.empty, signed_32=Optional.empty, signed_64=Optional.empty, float_type=Optional.empty, double_type=Optional.empty, bytes_type=Optional.empty, any_type=Optional.empty, array_type=Optional.empty, map_type=Optional.empty)
{"datetime_type":1507981326.000000000}
Entry(boolean_type=Optional.empty, string_type=Optional.empty, datetime_type=Optional.empty, unsigned_32=Optional[42], unsigned_64=Optional.empty, signed_32=Optional.empty, signed_64=Optional.empty, float_type=Optional.empty, double_type=Optional.empty, bytes_type=Optional.empty, any_type=Optional.empty, array_type=Optional.empty, map_type=Optional.empty)
{"unsigned_32":42}
Entry(boolean_type=Optional.empty, string_type=Optional.empty, datetime_type=Optional.empty, unsigned_32=Optional.empty, unsigned_64=Optional[42], signed_32=Optional.empty, signed_64=Optional.empty, float_type=Optional.empty, double_type=Optional.empty, bytes_type=Optional.empty, any_type=Optional.empty, array_type=Optional.empty, map_type=Optional.empty)
{"unsigned_64":42}
Entry(boolean_type=Optional.empty, string_type=Optional.empty, datetime_type=Optional.empty, unsigned_32=Optional.empty, unsigned_64=Optional.empty, signed_32=Optional[-42], signed_64=Optional.empty, float_type=Optional.empty, double_type=Optional.empty, bytes_type=Optional.empty, any_type=Optional.empty, array_type=Optional.empty, map_type=Optional.empty)
{"signed_32":-42}
Entry(boolean_type=Optional.empty, string_type=Optional.empty, datetime_type=Optional.empty, unsigned_32=Optional.empty, unsigned_64=Optional.empty, signed_32=Optional.empty, signed_64=Optional[-42], float_type=Optional.empty, double_type=Optional.empty, bytes_type=Optional.empty, any_type=Optional.empty, array_type=Optional.empty, map_type=Optional.empty)
{"signed_64":-42}
Entry(boolean_type=Optional.empty, string_type=Optional.empty, datetime_type=Optional.empty, unsigned_32=Optional.empty, unsigned_64=Optional.empty, signed_32=Optional.empty, signed_64=Optional.empty, float_type=Optional[42.42], double_type=Optional.empty, bytes_type=Optional.empty, any_type=Optional.empty, array_type=Optional.empty, map_type=Optional.empty)
{"float_type":42.42}
Entry(boolean_type=Optional.empty, string_type=Optional.empty, datetime_type=Optional.empty, unsigned_32=Optional.empty, unsigned_64=Optional.empty, signed_32=Optional.empty, signed_64=Optional.empty, float_type=Optional.empty, double_type=Optional[42.42], bytes_type=Optional.empty, any_type=Optional.empty, array_type=Optional.empty, map_type=Optional.empty)
{"double_type":42.42}
Entry(boolean_type=Optional.empty, string_type=Optional.empty, datetime_type=Optional.empty, unsigned_32=Optional.empty, unsigned_64=Optional.empty, signed_32=Optional.empty, signed_64=Optional.empty, float_type=Optional.empty, double_type=Optional.empty, bytes_type=Optional[java.nio.HeapByteBuffer[pos=0 lim=16 cap=16]], any_type=Optional.empty, array_type=Optional.empty, map_type=Optional.empty)
{"bytes_type":"YW55IGNhcm5hbCBwbGVhcw=="}
Entry(boolean_type=Optional.empty, string_type=Optional.empty, datetime_type=Optional.empty, unsigned_32=Optional.empty, unsigned_64=Optional.empty, signed_32=Optional.empty, signed_64=Optional.empty, float_type=Optional.empty, double_type=Optional.empty, bytes_type=Optional.empty, any_type=Optional[{baz=42}], array_type=Optional.empty, map_type=Optional.empty)
{"any_type":{"baz":42}}
Entry(boolean_type=Optional.empty, string_type=Optional.empty, datetime_type=Optional.empty, unsigned_32=Optional.empty, unsigned_64=Optional.empty, signed_32=Optional.empty, signed_64=Optional.empty, float_type=Optional.empty, double_type=Optional.empty, bytes_type=Optional.empty, any_type=Optional[{foo=bar}], array_type=Optional.empty, map_type=Optional.empty)
{"any_type":{"foo":"bar"}}
Entry(boolean_type=Optional.empty, string_type=Optional.empty, datetime_type=Optional.empty, unsigned_32=Optional.empty, unsigned_64=Optional.empty, signed_32=Optional.empty, signed_64=Optional.empty, float_type=Optional.empty, double_type=Optional.empty, bytes_type=Optional.empty, any_type=Optional[42], array_type=Optional.empty, map_type=Optional.empty)
{"any_type":42}
Entry(boolean_type=Optional.empty, string_type=Optional.empty, datetime_type=Optional.empty, unsigned_32=Optional.empty, unsigned_64=Optional.empty, signed_32=Optional.empty, signed_64=Optional.empty, float_type=Optional.empty, double_type=Optional.empty, bytes_type=Optional.empty, any_type=Optional.empty, array_type=Optional[[Entry(boolean_type=Optional.empty, string_type=Optional[foo], datetime_type=Optional.empty, unsigned_32=Optional.empty, unsigned_64=Optional.empty, signed_32=Optional.empty, signed_64=Optional.empty, float_type=Optional.empty, double_type=Optional.empty, bytes_type=Optional.empty, any_type=Optional.empty, array_type=Optional.empty, map_type=Optional.empty)]], map_type=Optional.empty)
{"array_type":[{"string_type":"foo"}]}
Entry(boolean_type=Optional.empty, string_type=Optional.empty, datetime_type=Optional.empty, unsigned_32=Optional.empty, unsigned_64=Optional.empty, signed_32=Optional.empty, signed_64=Optional.empty, float_type=Optional.empty, double_type=Optional.empty, bytes_type=Optional.empty, any_type=Optional.empty, array_type=Optional.empty, map_type=Optional[{foo=Entry(boolean_type=Optional.empty, string_type=Optional[foo], datetime_type=Optional.empty, unsigned_32=Optional.empty, unsigned_64=Optional.empty, signed_32=Optional.empty, signed_64=Optional.empty, float_type=Optional.empty, double_type=Optional.empty, bytes_type=Optional.empty, any_type=Optional.empty, array_type=Optional.empty, map_type=Optional.empty)}])
{"map_type":{"foo":{"string_type":"foo"}}}
