<Entry foo: <Foo field: u'Field Value'>>
{"foo": {"field": "Field Value"}}
