<Entry a: <A b: <A_B field: u'value'>>, b: None>
{"a": {"b": {"field": "value"}}}
<Entry a: None, b: <A_B field: u'value'>>
{"b": {"field": "value"}}
