Entry(boolean_type=True, string_type=, datetime_type=, unsigned_32=, unsigned_64=, signed_32=, signed_64=, float_type=, double_type=, bytes_type=, any_type=, array_type=, map_type=)
{"boolean_type":true}
Entry(boolean_type=, string_type=foo, datetime_type=, unsigned_32=, unsigned_64=, signed_32=, signed_64=, float_type=, double_type=, bytes_type=, any_type=, array_type=, map_type=)
{"string_type":"foo"}
Entry(boolean_type=, string_type=, datetime_type=10/14/17 11:42:06 AM, unsigned_32=, unsigned_64=, signed_32=, signed_64=, float_type=, double_type=, bytes_type=, any_type=, array_type=, map_type=)
{"datetime_type":"2017-10-14T11:42:06Z"}
Entry(boolean_type=, string_type=, datetime_type=, unsigned_32=42, unsigned_64=, signed_32=, signed_64=, float_type=, double_type=, bytes_type=, any_type=, array_type=, map_type=)
{"unsigned_32":42}
Entry(boolean_type=, string_type=, datetime_type=, unsigned_32=, unsigned_64=42, signed_32=, signed_64=, float_type=, double_type=, bytes_type=, any_type=, array_type=, map_type=)
{"unsigned_64":42}
Entry(boolean_type=, string_type=, datetime_type=, unsigned_32=, unsigned_64=, signed_32=-42, signed_64=, float_type=, double_type=, bytes_type=, any_type=, array_type=, map_type=)
{"signed_32":-42}
Entry(boolean_type=, string_type=, datetime_type=, unsigned_32=, unsigned_64=, signed_32=, signed_64=-42, float_type=, double_type=, bytes_type=, any_type=, array_type=, map_type=)
{"signed_64":-42}
Entry(boolean_type=, string_type=, datetime_type=, unsigned_32=, unsigned_64=, signed_32=, signed_64=, float_type=42.42, double_type=, bytes_type=, any_type=, array_type=, map_type=)
{"float_type":42.42}
Entry(boolean_type=, string_type=, datetime_type=, unsigned_32=, unsigned_64=, signed_32=, signed_64=, float_type=, double_type=42.42, bytes_type=, any_type=, array_type=, map_type=)
{"double_type":42.42}
Entry(boolean_type=, string_type=, datetime_type=, unsigned_32=, unsigned_64=, signed_32=, signed_64=, float_type=, double_type=, bytes_type=System.Byte[], any_type=, array_type=, map_type=)
{"bytes_type":"YW55IGNhcm5hbCBwbGVhcw=="}
Entry(boolean_type=, string_type=, datetime_type=, unsigned_32=, unsigned_64=, signed_32=, signed_64=, float_type=, double_type=, bytes_type=, any_type={
  "baz": 42
}, array_type=, map_type=)
{"any_type":{"baz":42}}
Entry(boolean_type=, string_type=, datetime_type=, unsigned_32=, unsigned_64=, signed_32=, signed_64=, float_type=, double_type=, bytes_type=, any_type={
  "foo": "bar"
}, array_type=, map_type=)
{"any_type":{"foo":"bar"}}
Entry(boolean_type=, string_type=, datetime_type=, unsigned_32=, unsigned_64=, signed_32=, signed_64=, float_type=, double_type=, bytes_type=, any_type=42, array_type=, map_type=)
{"any_type":42}
Entry(boolean_type=, string_type=, datetime_type=, unsigned_32=, unsigned_64=, signed_32=, signed_64=, float_type=, double_type=, bytes_type=, any_type=, array_type=System.Collections.Generic.List`1[Test.Entry], map_type=)
{"array_type":[{"string_type":"foo"}]}
Entry(boolean_type=, string_type=, datetime_type=, unsigned_32=, unsigned_64=, signed_32=, signed_64=, float_type=, double_type=, bytes_type=, any_type=, array_type=, map_type=System.Collections.Generic.Dictionary`2[System.String,Test.Entry])
{"map_type":{"foo":{"string_type":"foo"}}}
