<html>
  <head>
    <meta charset="utf-8">
    <meta name="viewport" content="width=device-width, initial-scale=1.0">
    <link rel="stylesheet" type="text/css" href="normalize.css">
    <link rel="stylesheet" type="text/css" href="doc.css">
  </head>
  <body>
    <h1 class="document-title">
      Package: test
    </h1>
    <div class="grid-container">
      <div class="grid-overview">
        <section class="section-content section-packages">
  <h1 class="section-title">Packages</h1>
  <div class="section-body">
    <ul class="packages-list">
      <li><b>test</b></li>
    </ul>
  </div>
</section>
<section class="section-content section-types-overview">
  <h1 class="section-title">Types</h1>
  <div class="section-body">
    <h2>
      <a href="#Entry">Entry</a>
    </h2>
    <h2>
      <a href="#EnumExplicit">EnumExplicit</a>
    </h2>
    <div class="description"><p>Explicitly assigned strings</p>
</div>
    <h2>
      <a href="#EnumImplicit">EnumImplicit</a>
    </h2>
    <div class="description"><p>Implicit naming depending on the variant</p>
</div>
  </div>
</section>

      </div>
      <div class="grid-decls">
        <section id="Entry" class="section-content section-type">
  <h1 class="section-title">
    <a class="link" href="#Entry">Entry</a>
    <span class="type">type</span>
  </h1>
  <div class="section-body">
    <div class="fields">
      <h2>Fields</h2>
      <table class="spaced">
        <tr classes="field required">
          <td class="mime">
            <span class="field-ident">explicit</span>
          </td>
          <td class="type">
            <span class="ty"><span class="type-rp-name">
              <a href="#EnumExplicit">EnumExplicit</a>
            </span>
            </span>
          </td>
          <td class="description">
          </td>
        </tr>
        <tr classes="field required">
          <td class="mime">
            <span class="field-ident">implicit</span>
          </td>
          <td class="type">
            <span class="ty"><span class="type-rp-name">
              <a href="#EnumImplicit">EnumImplicit</a>
            </span>
            </span>
          </td>
          <td class="description">
          </td>
        </tr>
      </table>
    </div>
  </div>
</section>
<section id="EnumExplicit" class="section-content section-enum">
  <h1 class="section-title">
    <a class="link" href="#EnumExplicit">EnumExplicit</a>
    <span class="type">enum</span>
  </h1>
  <div class="section-body">
    <div class="description"><p>Explicitly assigned strings</p>
</div>
    <div class="variants">
      <h2>Variants</h2>
      <table class="spaced">
        <tr>
          <td class="name">A</td>
          <td class="description">
          </td>
        </tr>
        <tr>
          <td class="name">B</td>
          <td class="description">
          </td>
        </tr>
      </table>
    </div>
  </div>
</section>
<section id="EnumImplicit" class="section-content section-enum">
  <h1 class="section-title">
    <a class="link" href="#EnumImplicit">EnumImplicit</a>
    <span class="type">enum</span>
  </h1>
  <div class="section-body">
    <div class="description"><p>Implicit naming depending on the variant</p>
</div>
    <div class="variants">
      <h2>Variants</h2>
      <table class="spaced">
        <tr>
          <td class="name">A</td>
          <td class="description">
          </td>
        </tr>
        <tr>
          <td class="name">B</td>
          <td class="description">
          </td>
        </tr>
      </table>
    </div>
  </div>
</section>

      </div>
    </div>
  </body>
</html>
