<html>
  <head>
    <meta charset="utf-8">
    <meta name="viewport" content="width=device-width, initial-scale=1.0">
    <link rel="stylesheet" type="text/css" href="../normalize.css">
    <link rel="stylesheet" type="text/css" href="../doc.css">
  </head>
  <body>
    <nav class="top">
      <a href="../index.html">To Index</a>
      <span>-</span>
      <a href="../test/index.html">To Package: test</a>
    </nav>
    <section id="Entry" class="section-content section-type">
      <h1 class="section-title">
        <span class="kind">type</span>
        <a class="name-package" href="../test/index.html">test</a>
        <span class="name-sep">::</span>
        <a class="name-local" href="type.Entry.html">Entry</a>
      </h1>
      <div class="section-body">
        <div class="missing-doc">no documentation :(</div>
        <div class="field">
          <h3 class="field-title">
            <span class="kind">field</span>
            <span class="field-id">a</span>
            <span class="field-modifier">?</span>
            <span>:</span>
            <span class="ty"><span class="type-rp-name">
              <a class="name-local" href="type.A.html">A</a>
            </span>
            </span>
          </h3>
          <div class="missing-doc">no documentation :(</div>
        </div>
        <div class="field">
          <h3 class="field-title">
            <span class="kind">field</span>
            <span class="field-id">b</span>
            <span class="field-modifier">?</span>
            <span>:</span>
            <span class="ty"><span class="type-rp-name">
              <a class="name-part" href="type.A.html">A</a>
              <span class="name-sep">::</span>
              <a class="name-local" href="type.A.B.html">B</a>
            </span>
            </span>
          </h3>
          <div class="missing-doc">no documentation :(</div>
        </div>
      </div>
    </section>
  </body>
</html>
