<Entry as: u'string', and: None, assert: None, break: None, class: None, continue: None, def: None, del: None, elif: None, else: None, except: None, exec: None, finally: None, for: None, from: None, global: None, if: None, import: None, in: None, is: None, lambda: None, nonlocal: None, not: None, or: None, pass: None, print: None, raise: None, return: None, try: None, while: None, with: None, yield: None, imported: None>
{"as": "string"}
<Entry as: None, and: u'string', assert: None, break: None, class: None, continue: None, def: None, del: None, elif: None, else: None, except: None, exec: None, finally: None, for: None, from: None, global: None, if: None, import: None, in: None, is: None, lambda: None, nonlocal: None, not: None, or: None, pass: None, print: None, raise: None, return: None, try: None, while: None, with: None, yield: None, imported: None>
{"and": "string"}
<Entry as: None, and: None, assert: u'string', break: None, class: None, continue: None, def: None, del: None, elif: None, else: None, except: None, exec: None, finally: None, for: None, from: None, global: None, if: None, import: None, in: None, is: None, lambda: None, nonlocal: None, not: None, or: None, pass: None, print: None, raise: None, return: None, try: None, while: None, with: None, yield: None, imported: None>
{"assert": "string"}
<Entry as: None, and: None, assert: None, break: u'string', class: None, continue: None, def: None, del: None, elif: None, else: None, except: None, exec: None, finally: None, for: None, from: None, global: None, if: None, import: None, in: None, is: None, lambda: None, nonlocal: None, not: None, or: None, pass: None, print: None, raise: None, return: None, try: None, while: None, with: None, yield: None, imported: None>
{"break": "string"}
<Entry as: None, and: None, assert: None, break: None, class: u'string', continue: None, def: None, del: None, elif: None, else: None, except: None, exec: None, finally: None, for: None, from: None, global: None, if: None, import: None, in: None, is: None, lambda: None, nonlocal: None, not: None, or: None, pass: None, print: None, raise: None, return: None, try: None, while: None, with: None, yield: None, imported: None>
{"class": "string"}
<Entry as: None, and: None, assert: None, break: None, class: None, continue: u'string', def: None, del: None, elif: None, else: None, except: None, exec: None, finally: None, for: None, from: None, global: None, if: None, import: None, in: None, is: None, lambda: None, nonlocal: None, not: None, or: None, pass: None, print: None, raise: None, return: None, try: None, while: None, with: None, yield: None, imported: None>
{"continue": "string"}
<Entry as: None, and: None, assert: None, break: None, class: None, continue: None, def: u'string', del: None, elif: None, else: None, except: None, exec: None, finally: None, for: None, from: None, global: None, if: None, import: None, in: None, is: None, lambda: None, nonlocal: None, not: None, or: None, pass: None, print: None, raise: None, return: None, try: None, while: None, with: None, yield: None, imported: None>
{"def": "string"}
<Entry as: None, and: None, assert: None, break: None, class: None, continue: None, def: None, del: u'string', elif: None, else: None, except: None, exec: None, finally: None, for: None, from: None, global: None, if: None, import: None, in: None, is: None, lambda: None, nonlocal: None, not: None, or: None, pass: None, print: None, raise: None, return: None, try: None, while: None, with: None, yield: None, imported: None>
{"del": "string"}
<Entry as: None, and: None, assert: None, break: None, class: None, continue: None, def: None, del: None, elif: u'string', else: None, except: None, exec: None, finally: None, for: None, from: None, global: None, if: None, import: None, in: None, is: None, lambda: None, nonlocal: None, not: None, or: None, pass: None, print: None, raise: None, return: None, try: None, while: None, with: None, yield: None, imported: None>
{"elif": "string"}
<Entry as: None, and: None, assert: None, break: None, class: None, continue: None, def: None, del: None, elif: None, else: u'string', except: None, exec: None, finally: None, for: None, from: None, global: None, if: None, import: None, in: None, is: None, lambda: None, nonlocal: None, not: None, or: None, pass: None, print: None, raise: None, return: None, try: None, while: None, with: None, yield: None, imported: None>
{"else": "string"}
<Entry as: None, and: None, assert: None, break: None, class: None, continue: None, def: None, del: None, elif: None, else: None, except: u'string', exec: None, finally: None, for: None, from: None, global: None, if: None, import: None, in: None, is: None, lambda: None, nonlocal: None, not: None, or: None, pass: None, print: None, raise: None, return: None, try: None, while: None, with: None, yield: None, imported: None>
{"except": "string"}
<Entry as: None, and: None, assert: None, break: None, class: None, continue: None, def: None, del: None, elif: None, else: None, except: None, exec: u'string', finally: None, for: None, from: None, global: None, if: None, import: None, in: None, is: None, lambda: None, nonlocal: None, not: None, or: None, pass: None, print: None, raise: None, return: None, try: None, while: None, with: None, yield: None, imported: None>
{"exec": "string"}
<Entry as: None, and: None, assert: None, break: None, class: None, continue: None, def: None, del: None, elif: None, else: None, except: None, exec: None, finally: u'string', for: None, from: None, global: None, if: None, import: None, in: None, is: None, lambda: None, nonlocal: None, not: None, or: None, pass: None, print: None, raise: None, return: None, try: None, while: None, with: None, yield: None, imported: None>
{"finally": "string"}
<Entry as: None, and: None, assert: None, break: None, class: None, continue: None, def: None, del: None, elif: None, else: None, except: None, exec: None, finally: None, for: u'string', from: None, global: None, if: None, import: None, in: None, is: None, lambda: None, nonlocal: None, not: None, or: None, pass: None, print: None, raise: None, return: None, try: None, while: None, with: None, yield: None, imported: None>
{"for": "string"}
<Entry as: None, and: None, assert: None, break: None, class: None, continue: None, def: None, del: None, elif: None, else: None, except: None, exec: None, finally: None, for: None, from: u'string', global: None, if: None, import: None, in: None, is: None, lambda: None, nonlocal: None, not: None, or: None, pass: None, print: None, raise: None, return: None, try: None, while: None, with: None, yield: None, imported: None>
{"from": "string"}
<Entry as: None, and: None, assert: None, break: None, class: None, continue: None, def: None, del: None, elif: None, else: None, except: None, exec: None, finally: None, for: None, from: None, global: u'string', if: None, import: None, in: None, is: None, lambda: None, nonlocal: None, not: None, or: None, pass: None, print: None, raise: None, return: None, try: None, while: None, with: None, yield: None, imported: None>
{"global": "string"}
<Entry as: None, and: None, assert: None, break: None, class: None, continue: None, def: None, del: None, elif: None, else: None, except: None, exec: None, finally: None, for: None, from: None, global: None, if: u'string', import: None, in: None, is: None, lambda: None, nonlocal: None, not: None, or: None, pass: None, print: None, raise: None, return: None, try: None, while: None, with: None, yield: None, imported: None>
{"if": "string"}
<Entry as: None, and: None, assert: None, break: None, class: None, continue: None, def: None, del: None, elif: None, else: None, except: None, exec: None, finally: None, for: None, from: None, global: None, if: None, import: u'string', in: None, is: None, lambda: None, nonlocal: None, not: None, or: None, pass: None, print: None, raise: None, return: None, try: None, while: None, with: None, yield: None, imported: None>
{"import": "string"}
<Entry as: None, and: None, assert: None, break: None, class: None, continue: None, def: None, del: None, elif: None, else: None, except: None, exec: None, finally: None, for: None, from: None, global: None, if: None, import: None, in: u'string', is: None, lambda: None, nonlocal: None, not: None, or: None, pass: None, print: None, raise: None, return: None, try: None, while: None, with: None, yield: None, imported: None>
{"in": "string"}
<Entry as: None, and: None, assert: None, break: None, class: None, continue: None, def: None, del: None, elif: None, else: None, except: None, exec: None, finally: None, for: None, from: None, global: None, if: None, import: None, in: None, is: u'string', lambda: None, nonlocal: None, not: None, or: None, pass: None, print: None, raise: None, return: None, try: None, while: None, with: None, yield: None, imported: None>
{"is": "string"}
<Entry as: None, and: None, assert: None, break: None, class: None, continue: None, def: None, del: None, elif: None, else: None, except: None, exec: None, finally: None, for: None, from: None, global: None, if: None, import: None, in: None, is: None, lambda: u'string', nonlocal: None, not: None, or: None, pass: None, print: None, raise: None, return: None, try: None, while: None, with: None, yield: None, imported: None>
{"lambda": "string"}
<Entry as: None, and: None, assert: None, break: None, class: None, continue: None, def: None, del: None, elif: None, else: None, except: None, exec: None, finally: None, for: None, from: None, global: None, if: None, import: None, in: None, is: None, lambda: None, nonlocal: u'string', not: None, or: None, pass: None, print: None, raise: None, return: None, try: None, while: None, with: None, yield: None, imported: None>
{"nonlocal": "string"}
<Entry as: None, and: None, assert: None, break: None, class: None, continue: None, def: None, del: None, elif: None, else: None, except: None, exec: None, finally: None, for: None, from: None, global: None, if: None, import: None, in: None, is: None, lambda: None, nonlocal: None, not: u'string', or: None, pass: None, print: None, raise: None, return: None, try: None, while: None, with: None, yield: None, imported: None>
{"not": "string"}
<Entry as: None, and: None, assert: None, break: None, class: None, continue: None, def: None, del: None, elif: None, else: None, except: None, exec: None, finally: None, for: None, from: None, global: None, if: None, import: None, in: None, is: None, lambda: None, nonlocal: None, not: None, or: u'string', pass: None, print: None, raise: None, return: None, try: None, while: None, with: None, yield: None, imported: None>
{"or": "string"}
<Entry as: None, and: None, assert: None, break: None, class: None, continue: None, def: None, del: None, elif: None, else: None, except: None, exec: None, finally: None, for: None, from: None, global: None, if: None, import: None, in: None, is: None, lambda: None, nonlocal: None, not: None, or: None, pass: u'string', print: None, raise: None, return: None, try: None, while: None, with: None, yield: None, imported: None>
{"pass": "string"}
<Entry as: None, and: None, assert: None, break: None, class: None, continue: None, def: None, del: None, elif: None, else: None, except: None, exec: None, finally: None, for: None, from: None, global: None, if: None, import: None, in: None, is: None, lambda: None, nonlocal: None, not: None, or: None, pass: None, print: u'string', raise: None, return: None, try: None, while: None, with: None, yield: None, imported: None>
{"print": "string"}
<Entry as: None, and: None, assert: None, break: None, class: None, continue: None, def: None, del: None, elif: None, else: None, except: None, exec: None, finally: None, for: None, from: None, global: None, if: None, import: None, in: None, is: None, lambda: None, nonlocal: None, not: None, or: None, pass: None, print: None, raise: u'string', return: None, try: None, while: None, with: None, yield: None, imported: None>
{"raise": "string"}
<Entry as: None, and: None, assert: None, break: None, class: None, continue: None, def: None, del: None, elif: None, else: None, except: None, exec: None, finally: None, for: None, from: None, global: None, if: None, import: None, in: None, is: None, lambda: None, nonlocal: None, not: None, or: None, pass: None, print: None, raise: None, return: u'string', try: None, while: None, with: None, yield: None, imported: None>
{"return": "string"}
<Entry as: None, and: None, assert: None, break: None, class: None, continue: None, def: None, del: None, elif: None, else: None, except: None, exec: None, finally: None, for: None, from: None, global: None, if: None, import: None, in: None, is: None, lambda: None, nonlocal: None, not: None, or: None, pass: None, print: None, raise: None, return: None, try: u'string', while: None, with: None, yield: None, imported: None>
{"try": "string"}
<Entry as: None, and: None, assert: None, break: None, class: None, continue: None, def: None, del: None, elif: None, else: None, except: None, exec: None, finally: None, for: None, from: None, global: None, if: None, import: None, in: None, is: None, lambda: None, nonlocal: None, not: None, or: None, pass: None, print: None, raise: None, return: None, try: None, while: u'string', with: None, yield: None, imported: None>
{"while": "string"}
<Entry as: None, and: None, assert: None, break: None, class: None, continue: None, def: None, del: None, elif: None, else: None, except: None, exec: None, finally: None, for: None, from: None, global: None, if: None, import: None, in: None, is: None, lambda: None, nonlocal: None, not: None, or: None, pass: None, print: None, raise: None, return: None, try: None, while: None, with: u'string', yield: None, imported: None>
{"with": "string"}
<Entry as: None, and: None, assert: None, break: None, class: None, continue: None, def: None, del: None, elif: None, else: None, except: None, exec: None, finally: None, for: None, from: None, global: None, if: None, import: None, in: None, is: None, lambda: None, nonlocal: None, not: None, or: None, pass: None, print: None, raise: None, return: None, try: None, while: None, with: None, yield: u'string', imported: None>
{"yield": "string"}
<Entry as: None, and: None, assert: None, break: None, class: None, continue: None, def: None, del: None, elif: None, else: None, except: None, exec: None, finally: None, for: None, from: None, global: None, if: None, import: None, in: None, is: None, lambda: None, nonlocal: None, not: None, or: None, pass: None, print: None, raise: None, return: None, try: None, while: None, with: None, yield: None, imported: <Empty >>
{"imported": {}}
