Entry(tuple1=Optional[Tuple1(a=foo, b=42)], tuple2=Optional.empty)
{"tuple1":["foo",42]}
Entry(tuple1=Optional.empty, tuple2=Optional[Tuple2(a=bar, b=Other(a=foo))])
{"tuple2":["bar",{"a":"foo"}]}
