<html>
  <head>
    <meta charset="utf-8">
    <meta name="viewport" content="width=device-width, initial-scale=1.0">
    <link rel="stylesheet" type="text/css" href="../normalize.css">
    <link rel="stylesheet" type="text/css" href="../doc.css">
  </head>
  <body>
    <div class="container">
      <nav class="top">
        <a href="../index.html">Index</a>
        <span>&mdash;</span>
        <a href="../test/index.html">Package: test</a>
      </nav>
      <section id="RootTuple_NestedEnum" class="section-content section-enum">
        <h1 class="section-title">
          <span class="kind">enum</span>
          <a class="name-part" href="tuple.RootTuple.html">RootTuple</a>
          <span class="name-sep">::</span>
          <a class="name-local" href="enum.RootTuple.NestedEnum.html">NestedEnum</a>
        </h1>
        <div class="missing-doc">no documentation :(</div>
        <h3 id="RootTuple_NestedEnum_Foo">
          <span class="kind">variant</span>
          <a class="name-part" href="tuple.RootTuple.html">RootTuple</a>
          <span class="name-sep">::</span>
          <a class="name-part" href="enum.RootTuple.NestedEnum.html">NestedEnum</a>
          <span class="name-sep">::</span>
          <a class="name-local" href="enum.RootTuple.NestedEnum.html#RootTuple_NestedEnum_Foo">Foo</a>
          <span class="keyword">as</span>
          <span class="variant-ordinal">&quot;Foo&quot;</span>
        </h3>
        <div class="missing-doc">no documentation :(</div>
      </section>
    </div>
  </body>
</html>
