<html>
  <head>
    <meta charset="utf-8">
    <meta name="viewport" content="width=device-width, initial-scale=1.0">
    <link rel="stylesheet" type="text/css" href="../normalize.css">
    <link rel="stylesheet" type="text/css" href="../doc.css">
  </head>
  <body>
    <div class="container">
      <nav class="top">
        <a href="../index.html">Index</a>
        <span>&mdash;</span>
        <a href="../test/index.html">Package: test</a>
      </nav>
      <section class="section-content">
        <h1 class="section-title">
          <span class="kind">package</span>
          <span class="name-package">test</span>
        </h1>
        <div class="missing-doc">no documentation :(</div>
        <h2 class="kind">Types</h2>
        <table>
          <tr>
            <td class="package-item">
              <a class="name-local" href="type.Entry.html">Entry</a>
            </td>
            <td class="package-item-doc">
              <div class="missing-doc">no documentation :(</div>
            </td>
          </tr>
          <tr>
            <td class="package-item">
              <a class="name-local" href="type.RootType.html">RootType</a>
            </td>
            <td class="package-item-doc">
              <div class="missing-doc">no documentation :(</div>
            </td>
          </tr>
          <tr>
            <td class="package-item">
              <a class="name-part" href="type.RootType.html">RootType</a>
              <span class="name-sep">::</span>
              <a class="name-local" href="type.RootType.NestedType.html">NestedType</a>
            </td>
            <td class="package-item-doc">
              <div class="missing-doc">no documentation :(</div>
            </td>
          </tr>
          <tr>
            <td class="package-item">
              <a class="name-part" href="interface.RootInterface.html">RootInterface</a>
              <span class="name-sep">::</span>
              <a class="name-part" href="interface.RootInterface.html#RootInterface_Foo">Foo</a>
              <span class="name-sep">::</span>
              <a class="name-local" href="type.RootInterface.Foo.NestedType.html">NestedType</a>
            </td>
            <td class="package-item-doc">
              <div class="missing-doc">no documentation :(</div>
            </td>
          </tr>
          <tr>
            <td class="package-item">
              <a class="name-part" href="enum.RootEnum.html">RootEnum</a>
              <span class="name-sep">::</span>
              <a class="name-local" href="type.RootEnum.NestedType.html">NestedType</a>
            </td>
            <td class="package-item-doc">
              <div class="missing-doc">no documentation :(</div>
            </td>
          </tr>
          <tr>
            <td class="package-item">
              <a class="name-part" href="tuple.RootTuple.html">RootTuple</a>
              <span class="name-sep">::</span>
              <a class="name-local" href="type.RootTuple.NestedType.html">NestedType</a>
            </td>
            <td class="package-item-doc">
              <div class="missing-doc">no documentation :(</div>
            </td>
          </tr>
          <tr>
            <td class="package-item">
              <a class="name-part" href="service.RootService.html">RootService</a>
              <span class="name-sep">::</span>
              <a class="name-local" href="type.RootService.NestedType.html">NestedType</a>
            </td>
            <td class="package-item-doc">
              <div class="missing-doc">no documentation :(</div>
            </td>
          </tr>
          <tr>
            <td class="package-item">
              <a class="name-part" href="type.RootType.html">RootType</a>
              <span class="name-sep">::</span>
              <a class="name-part" href="interface.RootType.NestedInterface.html">NestedInterface</a>
              <span class="name-sep">::</span>
              <a class="name-part" href="interface.RootType.NestedInterface.html#RootType_NestedInterface_Foo">Foo</a>
              <span class="name-sep">::</span>
              <a class="name-local" href="type.RootType.NestedInterface.Foo.Nested.html">Nested</a>
            </td>
            <td class="package-item-doc">
              <div class="missing-doc">no documentation :(</div>
            </td>
          </tr>
          <tr>
            <td class="package-item">
              <a class="name-part" href="type.RootType.html">RootType</a>
              <span class="name-sep">::</span>
              <a class="name-part" href="enum.RootType.NestedEnum.html">NestedEnum</a>
              <span class="name-sep">::</span>
              <a class="name-local" href="type.RootType.NestedEnum.Nested.html">Nested</a>
            </td>
            <td class="package-item-doc">
              <div class="missing-doc">no documentation :(</div>
            </td>
          </tr>
          <tr>
            <td class="package-item">
              <a class="name-part" href="type.RootType.html">RootType</a>
              <span class="name-sep">::</span>
              <a class="name-part" href="tuple.RootType.NestedTuple.html">NestedTuple</a>
              <span class="name-sep">::</span>
              <a class="name-local" href="type.RootType.NestedTuple.Nested.html">Nested</a>
            </td>
            <td class="package-item-doc">
              <div class="missing-doc">no documentation :(</div>
            </td>
          </tr>
          <tr>
            <td class="package-item">
              <a class="name-part" href="type.RootType.html">RootType</a>
              <span class="name-sep">::</span>
              <a class="name-part" href="service.RootType.NestedService.html">NestedService</a>
              <span class="name-sep">::</span>
              <a class="name-local" href="type.RootType.NestedService.Nested.html">Nested</a>
            </td>
            <td class="package-item-doc">
              <div class="missing-doc">no documentation :(</div>
            </td>
          </tr>
          <tr>
            <td class="package-item">
              <a class="name-part" href="interface.RootInterface.html">RootInterface</a>
              <span class="name-sep">::</span>
              <a class="name-part" href="interface.RootInterface.html#RootInterface_Foo">Foo</a>
              <span class="name-sep">::</span>
              <a class="name-part" href="interface.RootInterface.Foo.NestedInterface.html">NestedInterface</a>
              <span class="name-sep">::</span>
              <a class="name-part" href="interface.RootInterface.Foo.NestedInterface.html#RootInterface_Foo_NestedInterface_NestedFoo">NestedFoo</a>
              <span class="name-sep">::</span>
              <a class="name-local" href="type.RootInterface.Foo.NestedInterface.NestedFoo.Nested.html">Nested</a>
            </td>
            <td class="package-item-doc">
              <div class="missing-doc">no documentation :(</div>
            </td>
          </tr>
          <tr>
            <td class="package-item">
              <a class="name-part" href="interface.RootInterface.html">RootInterface</a>
              <span class="name-sep">::</span>
              <a class="name-part" href="interface.RootInterface.html#RootInterface_Foo">Foo</a>
              <span class="name-sep">::</span>
              <a class="name-part" href="enum.RootInterface.Foo.NestedEnum.html">NestedEnum</a>
              <span class="name-sep">::</span>
              <a class="name-local" href="type.RootInterface.Foo.NestedEnum.Nested.html">Nested</a>
            </td>
            <td class="package-item-doc">
              <div class="missing-doc">no documentation :(</div>
            </td>
          </tr>
          <tr>
            <td class="package-item">
              <a class="name-part" href="interface.RootInterface.html">RootInterface</a>
              <span class="name-sep">::</span>
              <a class="name-part" href="interface.RootInterface.html#RootInterface_Foo">Foo</a>
              <span class="name-sep">::</span>
              <a class="name-part" href="tuple.RootInterface.Foo.NestedTuple.html">NestedTuple</a>
              <span class="name-sep">::</span>
              <a class="name-local" href="type.RootInterface.Foo.NestedTuple.Nested.html">Nested</a>
            </td>
            <td class="package-item-doc">
              <div class="missing-doc">no documentation :(</div>
            </td>
          </tr>
          <tr>
            <td class="package-item">
              <a class="name-part" href="interface.RootInterface.html">RootInterface</a>
              <span class="name-sep">::</span>
              <a class="name-part" href="interface.RootInterface.html#RootInterface_Foo">Foo</a>
              <span class="name-sep">::</span>
              <a class="name-part" href="service.RootInterface.Foo.NestedService.html">NestedService</a>
              <span class="name-sep">::</span>
              <a class="name-local" href="type.RootInterface.Foo.NestedService.Nested.html">Nested</a>
            </td>
            <td class="package-item-doc">
              <div class="missing-doc">no documentation :(</div>
            </td>
          </tr>
          <tr>
            <td class="package-item">
              <a class="name-part" href="enum.RootEnum.html">RootEnum</a>
              <span class="name-sep">::</span>
              <a class="name-part" href="interface.RootEnum.NestedInterface.html">NestedInterface</a>
              <span class="name-sep">::</span>
              <a class="name-part" href="interface.RootEnum.NestedInterface.html#RootEnum_NestedInterface_Foo">Foo</a>
              <span class="name-sep">::</span>
              <a class="name-local" href="type.RootEnum.NestedInterface.Foo.Nested.html">Nested</a>
            </td>
            <td class="package-item-doc">
              <div class="missing-doc">no documentation :(</div>
            </td>
          </tr>
          <tr>
            <td class="package-item">
              <a class="name-part" href="enum.RootEnum.html">RootEnum</a>
              <span class="name-sep">::</span>
              <a class="name-part" href="enum.RootEnum.NestedEnum.html">NestedEnum</a>
              <span class="name-sep">::</span>
              <a class="name-local" href="type.RootEnum.NestedEnum.Nested.html">Nested</a>
            </td>
            <td class="package-item-doc">
              <div class="missing-doc">no documentation :(</div>
            </td>
          </tr>
          <tr>
            <td class="package-item">
              <a class="name-part" href="enum.RootEnum.html">RootEnum</a>
              <span class="name-sep">::</span>
              <a class="name-part" href="tuple.RootEnum.NestedTuple.html">NestedTuple</a>
              <span class="name-sep">::</span>
              <a class="name-local" href="type.RootEnum.NestedTuple.Nested.html">Nested</a>
            </td>
            <td class="package-item-doc">
              <div class="missing-doc">no documentation :(</div>
            </td>
          </tr>
          <tr>
            <td class="package-item">
              <a class="name-part" href="enum.RootEnum.html">RootEnum</a>
              <span class="name-sep">::</span>
              <a class="name-part" href="service.RootEnum.NestedService.html">NestedService</a>
              <span class="name-sep">::</span>
              <a class="name-local" href="type.RootEnum.NestedService.Nested.html">Nested</a>
            </td>
            <td class="package-item-doc">
              <div class="missing-doc">no documentation :(</div>
            </td>
          </tr>
          <tr>
            <td class="package-item">
              <a class="name-part" href="tuple.RootTuple.html">RootTuple</a>
              <span class="name-sep">::</span>
              <a class="name-part" href="interface.RootTuple.NestedInterface.html">NestedInterface</a>
              <span class="name-sep">::</span>
              <a class="name-part" href="interface.RootTuple.NestedInterface.html#RootTuple_NestedInterface_Foo">Foo</a>
              <span class="name-sep">::</span>
              <a class="name-local" href="type.RootTuple.NestedInterface.Foo.Nested.html">Nested</a>
            </td>
            <td class="package-item-doc">
              <div class="missing-doc">no documentation :(</div>
            </td>
          </tr>
          <tr>
            <td class="package-item">
              <a class="name-part" href="tuple.RootTuple.html">RootTuple</a>
              <span class="name-sep">::</span>
              <a class="name-part" href="enum.RootTuple.NestedEnum.html">NestedEnum</a>
              <span class="name-sep">::</span>
              <a class="name-local" href="type.RootTuple.NestedEnum.Nested.html">Nested</a>
            </td>
            <td class="package-item-doc">
              <div class="missing-doc">no documentation :(</div>
            </td>
          </tr>
          <tr>
            <td class="package-item">
              <a class="name-part" href="tuple.RootTuple.html">RootTuple</a>
              <span class="name-sep">::</span>
              <a class="name-part" href="tuple.RootTuple.NestedTuple.html">NestedTuple</a>
              <span class="name-sep">::</span>
              <a class="name-local" href="type.RootTuple.NestedTuple.Nested.html">Nested</a>
            </td>
            <td class="package-item-doc">
              <div class="missing-doc">no documentation :(</div>
            </td>
          </tr>
          <tr>
            <td class="package-item">
              <a class="name-part" href="tuple.RootTuple.html">RootTuple</a>
              <span class="name-sep">::</span>
              <a class="name-part" href="service.RootTuple.NestedService.html">NestedService</a>
              <span class="name-sep">::</span>
              <a class="name-local" href="type.RootTuple.NestedService.Nested.html">Nested</a>
            </td>
            <td class="package-item-doc">
              <div class="missing-doc">no documentation :(</div>
            </td>
          </tr>
          <tr>
            <td class="package-item">
              <a class="name-part" href="service.RootService.html">RootService</a>
              <span class="name-sep">::</span>
              <a class="name-part" href="interface.RootService.NestedInterface.html">NestedInterface</a>
              <span class="name-sep">::</span>
              <a class="name-part" href="interface.RootService.NestedInterface.html#RootService_NestedInterface_Foo">Foo</a>
              <span class="name-sep">::</span>
              <a class="name-local" href="type.RootService.NestedInterface.Foo.Nested.html">Nested</a>
            </td>
            <td class="package-item-doc">
              <div class="missing-doc">no documentation :(</div>
            </td>
          </tr>
          <tr>
            <td class="package-item">
              <a class="name-part" href="service.RootService.html">RootService</a>
              <span class="name-sep">::</span>
              <a class="name-part" href="enum.RootService.NestedEnum.html">NestedEnum</a>
              <span class="name-sep">::</span>
              <a class="name-local" href="type.RootService.NestedEnum.Nested.html">Nested</a>
            </td>
            <td class="package-item-doc">
              <div class="missing-doc">no documentation :(</div>
            </td>
          </tr>
          <tr>
            <td class="package-item">
              <a class="name-part" href="service.RootService.html">RootService</a>
              <span class="name-sep">::</span>
              <a class="name-part" href="tuple.RootService.NestedTuple.html">NestedTuple</a>
              <span class="name-sep">::</span>
              <a class="name-local" href="type.RootService.NestedTuple.Nested.html">Nested</a>
            </td>
            <td class="package-item-doc">
              <div class="missing-doc">no documentation :(</div>
            </td>
          </tr>
          <tr>
            <td class="package-item">
              <a class="name-part" href="service.RootService.html">RootService</a>
              <span class="name-sep">::</span>
              <a class="name-part" href="service.RootService.NestedService.html">NestedService</a>
              <span class="name-sep">::</span>
              <a class="name-local" href="type.RootService.NestedService.Nested.html">Nested</a>
            </td>
            <td class="package-item-doc">
              <div class="missing-doc">no documentation :(</div>
            </td>
          </tr>
        </table>
        <h2 class="kind">Interfaces</h2>
        <table>
          <tr>
            <td class="package-item">
              <a class="name-local" href="interface.RootInterface.html">RootInterface</a>
            </td>
            <td class="package-item-doc">
              <div class="missing-doc">no documentation :(</div>
            </td>
          </tr>
          <tr>
            <td class="package-item">
              <a class="name-part" href="type.RootType.html">RootType</a>
              <span class="name-sep">::</span>
              <a class="name-local" href="interface.RootType.NestedInterface.html">NestedInterface</a>
            </td>
            <td class="package-item-doc">
              <div class="missing-doc">no documentation :(</div>
            </td>
          </tr>
          <tr>
            <td class="package-item">
              <a class="name-part" href="interface.RootInterface.html">RootInterface</a>
              <span class="name-sep">::</span>
              <a class="name-part" href="interface.RootInterface.html#RootInterface_Foo">Foo</a>
              <span class="name-sep">::</span>
              <a class="name-local" href="interface.RootInterface.Foo.NestedInterface.html">NestedInterface</a>
            </td>
            <td class="package-item-doc">
              <div class="missing-doc">no documentation :(</div>
            </td>
          </tr>
          <tr>
            <td class="package-item">
              <a class="name-part" href="enum.RootEnum.html">RootEnum</a>
              <span class="name-sep">::</span>
              <a class="name-local" href="interface.RootEnum.NestedInterface.html">NestedInterface</a>
            </td>
            <td class="package-item-doc">
              <div class="missing-doc">no documentation :(</div>
            </td>
          </tr>
          <tr>
            <td class="package-item">
              <a class="name-part" href="tuple.RootTuple.html">RootTuple</a>
              <span class="name-sep">::</span>
              <a class="name-local" href="interface.RootTuple.NestedInterface.html">NestedInterface</a>
            </td>
            <td class="package-item-doc">
              <div class="missing-doc">no documentation :(</div>
            </td>
          </tr>
          <tr>
            <td class="package-item">
              <a class="name-part" href="service.RootService.html">RootService</a>
              <span class="name-sep">::</span>
              <a class="name-local" href="interface.RootService.NestedInterface.html">NestedInterface</a>
            </td>
            <td class="package-item-doc">
              <div class="missing-doc">no documentation :(</div>
            </td>
          </tr>
        </table>
        <h2 class="kind">Enums</h2>
        <table>
          <tr>
            <td class="package-item">
              <a class="name-local" href="enum.RootEnum.html">RootEnum</a>
            </td>
            <td class="package-item-doc">
              <div class="missing-doc">no documentation :(</div>
            </td>
          </tr>
          <tr>
            <td class="package-item">
              <a class="name-part" href="type.RootType.html">RootType</a>
              <span class="name-sep">::</span>
              <a class="name-local" href="enum.RootType.NestedEnum.html">NestedEnum</a>
            </td>
            <td class="package-item-doc">
              <div class="missing-doc">no documentation :(</div>
            </td>
          </tr>
          <tr>
            <td class="package-item">
              <a class="name-part" href="interface.RootInterface.html">RootInterface</a>
              <span class="name-sep">::</span>
              <a class="name-part" href="interface.RootInterface.html#RootInterface_Foo">Foo</a>
              <span class="name-sep">::</span>
              <a class="name-local" href="enum.RootInterface.Foo.NestedEnum.html">NestedEnum</a>
            </td>
            <td class="package-item-doc">
              <div class="missing-doc">no documentation :(</div>
            </td>
          </tr>
          <tr>
            <td class="package-item">
              <a class="name-part" href="enum.RootEnum.html">RootEnum</a>
              <span class="name-sep">::</span>
              <a class="name-local" href="enum.RootEnum.NestedEnum.html">NestedEnum</a>
            </td>
            <td class="package-item-doc">
              <div class="missing-doc">no documentation :(</div>
            </td>
          </tr>
          <tr>
            <td class="package-item">
              <a class="name-part" href="tuple.RootTuple.html">RootTuple</a>
              <span class="name-sep">::</span>
              <a class="name-local" href="enum.RootTuple.NestedEnum.html">NestedEnum</a>
            </td>
            <td class="package-item-doc">
              <div class="missing-doc">no documentation :(</div>
            </td>
          </tr>
          <tr>
            <td class="package-item">
              <a class="name-part" href="service.RootService.html">RootService</a>
              <span class="name-sep">::</span>
              <a class="name-local" href="enum.RootService.NestedEnum.html">NestedEnum</a>
            </td>
            <td class="package-item-doc">
              <div class="missing-doc">no documentation :(</div>
            </td>
          </tr>
        </table>
        <h2 class="kind">Tuples</h2>
        <table>
          <tr>
            <td class="package-item">
              <a class="name-local" href="tuple.RootTuple.html">RootTuple</a>
            </td>
            <td class="package-item-doc">
              <div class="missing-doc">no documentation :(</div>
            </td>
          </tr>
          <tr>
            <td class="package-item">
              <a class="name-part" href="type.RootType.html">RootType</a>
              <span class="name-sep">::</span>
              <a class="name-local" href="tuple.RootType.NestedTuple.html">NestedTuple</a>
            </td>
            <td class="package-item-doc">
              <div class="missing-doc">no documentation :(</div>
            </td>
          </tr>
          <tr>
            <td class="package-item">
              <a class="name-part" href="interface.RootInterface.html">RootInterface</a>
              <span class="name-sep">::</span>
              <a class="name-part" href="interface.RootInterface.html#RootInterface_Foo">Foo</a>
              <span class="name-sep">::</span>
              <a class="name-local" href="tuple.RootInterface.Foo.NestedTuple.html">NestedTuple</a>
            </td>
            <td class="package-item-doc">
              <div class="missing-doc">no documentation :(</div>
            </td>
          </tr>
          <tr>
            <td class="package-item">
              <a class="name-part" href="enum.RootEnum.html">RootEnum</a>
              <span class="name-sep">::</span>
              <a class="name-local" href="tuple.RootEnum.NestedTuple.html">NestedTuple</a>
            </td>
            <td class="package-item-doc">
              <div class="missing-doc">no documentation :(</div>
            </td>
          </tr>
          <tr>
            <td class="package-item">
              <a class="name-part" href="tuple.RootTuple.html">RootTuple</a>
              <span class="name-sep">::</span>
              <a class="name-local" href="tuple.RootTuple.NestedTuple.html">NestedTuple</a>
            </td>
            <td class="package-item-doc">
              <div class="missing-doc">no documentation :(</div>
            </td>
          </tr>
          <tr>
            <td class="package-item">
              <a class="name-part" href="service.RootService.html">RootService</a>
              <span class="name-sep">::</span>
              <a class="name-local" href="tuple.RootService.NestedTuple.html">NestedTuple</a>
            </td>
            <td class="package-item-doc">
              <div class="missing-doc">no documentation :(</div>
            </td>
          </tr>
        </table>
        <h2 class="kind">Services</h2>
        <table>
          <tr>
            <td class="package-item">
              <a class="name-local" href="service.RootService.html">RootService</a>
            </td>
            <td class="package-item-doc">
              <div class="missing-doc">no documentation :(</div>
            </td>
          </tr>
          <tr>
            <td class="package-item">
              <a class="name-part" href="type.RootType.html">RootType</a>
              <span class="name-sep">::</span>
              <a class="name-local" href="service.RootType.NestedService.html">NestedService</a>
            </td>
            <td class="package-item-doc">
              <div class="missing-doc">no documentation :(</div>
            </td>
          </tr>
          <tr>
            <td class="package-item">
              <a class="name-part" href="interface.RootInterface.html">RootInterface</a>
              <span class="name-sep">::</span>
              <a class="name-part" href="interface.RootInterface.html#RootInterface_Foo">Foo</a>
              <span class="name-sep">::</span>
              <a class="name-local" href="service.RootInterface.Foo.NestedService.html">NestedService</a>
            </td>
            <td class="package-item-doc">
              <div class="missing-doc">no documentation :(</div>
            </td>
          </tr>
          <tr>
            <td class="package-item">
              <a class="name-part" href="enum.RootEnum.html">RootEnum</a>
              <span class="name-sep">::</span>
              <a class="name-local" href="service.RootEnum.NestedService.html">NestedService</a>
            </td>
            <td class="package-item-doc">
              <div class="missing-doc">no documentation :(</div>
            </td>
          </tr>
          <tr>
            <td class="package-item">
              <a class="name-part" href="tuple.RootTuple.html">RootTuple</a>
              <span class="name-sep">::</span>
              <a class="name-local" href="service.RootTuple.NestedService.html">NestedService</a>
            </td>
            <td class="package-item-doc">
              <div class="missing-doc">no documentation :(</div>
            </td>
          </tr>
          <tr>
            <td class="package-item">
              <a class="name-part" href="service.RootService.html">RootService</a>
              <span class="name-sep">::</span>
              <a class="name-local" href="service.RootService.NestedService.html">NestedService</a>
            </td>
            <td class="package-item-doc">
              <div class="missing-doc">no documentation :(</div>
            </td>
          </tr>
        </table>
      </section>
    </div>
  </body>
</html>
