<html>
  <head>
    <meta charset="utf-8">
    <meta name="viewport" content="width=device-width, initial-scale=1.0">
    <link rel="stylesheet" type="text/css" href="../normalize.css">
    <link rel="stylesheet" type="text/css" href="../doc.css">
  </head>
  <body>
    <div class="container">
      <nav class="top">
        <a href="../index.html">Index</a>
        <span>&mdash;</span>
        <a href="../test/index.html">Package: test</a>
      </nav>
      <section id="RootTuple" class="section-content section-tuple">
        <h1 class="section-title">
          <span class="kind">tuple</span>
          <a class="name-local" href="tuple.RootTuple.html">RootTuple</a>
        </h1>
        <div class="section-body">
          <div class="missing-doc">no documentation :(</div>
          <h2 class="decl-title">
            <span class="kind">nested type</span>
            <a class="name-part" href="tuple.RootTuple.html">RootTuple</a>
            <span class="name-sep">::</span>
            <a class="name-local" href="type.RootTuple.NestedType.html">NestedType</a>
          </h2>
          <div class="missing-doc">no documentation :(</div>
          <h2 class="decl-title">
            <span class="kind">nested interface</span>
            <a class="name-part" href="tuple.RootTuple.html">RootTuple</a>
            <span class="name-sep">::</span>
            <a class="name-local" href="interface.RootTuple.NestedInterface.html">NestedInterface</a>
          </h2>
          <div class="missing-doc">no documentation :(</div>
          <h2 class="decl-title">
            <span class="kind">nested enum</span>
            <a class="name-part" href="tuple.RootTuple.html">RootTuple</a>
            <span class="name-sep">::</span>
            <a class="name-local" href="enum.RootTuple.NestedEnum.html">NestedEnum</a>
          </h2>
          <div class="missing-doc">no documentation :(</div>
          <h2 class="decl-title">
            <span class="kind">nested tuple</span>
            <a class="name-part" href="tuple.RootTuple.html">RootTuple</a>
            <span class="name-sep">::</span>
            <a class="name-local" href="tuple.RootTuple.NestedTuple.html">NestedTuple</a>
          </h2>
          <div class="missing-doc">no documentation :(</div>
          <h2 class="decl-title">
            <span class="kind">nested service</span>
            <a class="name-part" href="tuple.RootTuple.html">RootTuple</a>
            <span class="name-sep">::</span>
            <a class="name-local" href="service.RootTuple.NestedService.html">NestedService</a>
          </h2>
          <div class="missing-doc">no documentation :(</div>
        </div>
      </section>
    </div>
  </body>
</html>
