Entry {
  explicit: EnumExplicit { name: 'A', value: 'foo' },
  implicit: null }
{"explicit":"foo"}
Entry {
  explicit: EnumExplicit { name: 'B', value: 'bar' },
  implicit: null }
{"explicit":"bar"}
Entry {
  explicit: null,
  implicit: EnumImplicit { name: 'A', value: 'A' } }
{"implicit":"A"}
Entry {
  explicit: null,
  implicit: EnumImplicit { name: 'B', value: 'B' } }
{"implicit":"B"}
