Entry(a=A(b=B(field=value)), b=)
{"a":{"b":{"field":"value"}}}
Entry(a=, b=B(field=value))
{"b":{"field":"value"}}
