<html>
  <head>
    <meta charset="utf-8">
    <meta name="viewport" content="width=device-width, initial-scale=1.0">
    <link rel="stylesheet" type="text/css" href="../../normalize.css">
    <link rel="stylesheet" type="text/css" href="../../doc.css">
  </head>
  <body>
    <nav class="top">
      <a href="../../index.html">To Index</a>
      <span>-</span>
      <a href="../../foo/4.0.0/index.html">To Package: foo-4.0.0</a>
    </nav>
    <section id="Thing" class="section-content section-type">
      <h1 class="section-title">
        <span class="kind">type</span>
        <a class="name-package" href="../../foo/4.0.0/index.html">foo-4.0.0</a>
        <span class="name-sep">::</span>
        <a class="name-local" href="type.Thing.html">Thing</a>
      </h1>
      <div class="section-body">
        <div class="missing-doc">no documentation :(</div>
        <div class="field">
          <h3 class="field-title">
            <span class="kind">field</span>
            <span class="field-id">name</span>
            <span class="field-modifier">?</span>
            <span>:</span>
            <span class="ty"><span class="type-string type-primitive">string</span>
            </span>
          </h3>
          <div class="missing-doc">no documentation :(</div>
        </div>
        <div class="field">
          <h3 class="field-title">
            <span class="kind">field</span>
            <span class="field-id">other</span>
            <span class="field-modifier">?</span>
            <span>:</span>
            <span class="ty"><span class="type-rp-name">
              <a class="name-package" href="../../bar/1.0.0/index.html">bar</a>
              <span class="name-sep">::</span>
              <a class="name-local" href="../../bar/1.0.0/type.Other.html">Other</a>
            </span>
            </span>
          </h3>
          <div class="missing-doc">no documentation :(</div>
        </div>
        <div class="field">
          <h3 class="field-title">
            <span class="kind">field</span>
            <span class="field-id">other2</span>
            <span class="field-modifier">?</span>
            <span>:</span>
            <span class="ty"><span class="type-rp-name">
              <a class="name-package" href="../../bar/2.0.0/index.html">bar2</a>
              <span class="name-sep">::</span>
              <a class="name-local" href="../../bar/2.0.0/type.Other.html">Other</a>
            </span>
            </span>
          </h3>
          <div class="missing-doc">no documentation :(</div>
        </div>
      </div>
    </section>
  </body>
</html>
