Entry {
  thing: Thing { name: 'The Thing', other: null, other2: null } }
{"thing":{"name":"The Thing"}}
Entry {
  thing: 
   Thing {
     name: null,
     other: Other { name: 'The Other Thing' },
     other2: null } }
{"thing":{"other":{"name":"The Other Thing"}}}
Entry {
  thing: 
   Thing {
     name: null,
     other: null,
     other2: Other { name2: 'The Other-Other Thing' } } }
{"thing":{"other2":{"name2":"The Other-Other Thing"}}}
