<Entry foo: <Foo field: 'Field Value'>>
{"foo": {"field": "Field Value"}}
