<html>
  <head>
    <meta charset="utf-8">
    <meta name="viewport" content="width=device-width, initial-scale=1.0">
    <link rel="stylesheet" type="text/css" href="../normalize.css">
    <link rel="stylesheet" type="text/css" href="../doc.css">
  </head>
  <body>
    <nav class="top">
      <a href="../index.html">To Index</a>
      <span>-</span>
      <a href="../test/index.html">To Package: test</a>
    </nav>
    <section id="Tuple1" class="section-content section-tuple">
      <h1 class="section-title">
        <span class="kind">tuple</span>
        <a class="name-package" href="../test/index.html">test</a>
        <span class="name-sep">::</span>
        <a class="name-local" href="tuple.Tuple1.html">Tuple1</a>
      </h1>
      <div class="section-body">
        <div class="doc"><p>Tuple containing primitive.</p>
</div>
        <h2 class="field-title">
          <span class="kind">field</span>
          <span class="field-key">
            <span class="field-id">a</span>
            <span>:</span>
          </span>
          <span class="ty"><span class="type-string type-primitive">string</span>
          </span>
        </h2>
        <div class="missing-doc">no documentation :(</div>
        <h2 class="field-title">
          <span class="kind">field</span>
          <span class="field-key">
            <span class="field-id">b</span>
            <span>:</span>
          </span>
          <span class="ty"><span class="type-u64 type-primitive">u64</span>
          </span>
        </h2>
        <div class="missing-doc">no documentation :(</div>
      </div>
    </section>
  </body>
</html>
