<html>
  <head>
    <meta charset="utf-8">
    <meta name="viewport" content="width=device-width, initial-scale=1.0">
    <link rel="stylesheet" type="text/css" href="../normalize.css">
    <link rel="stylesheet" type="text/css" href="../doc.css">
  </head>
  <body>
    <div class="container">
      <nav class="top">
        <a href="../index.html">Index</a>
        <span>&mdash;</span>
        <a href="../test/index.html">Package: test</a>
      </nav>
      <section id="Entry" class="section-content section-type">
        <h1 class="section-title">
          <span class="kind">type</span>
          <a class="name-local" href="type.Entry.html">Entry</a>
        </h1>
        <div class="section-body">
          <div class="missing-doc">no documentation :(</div>
          <h2 class="field-title">
            <span class="kind">field</span>
            <span class="field-key">
              <span class="field-id">boolean_type</span>
              <span class="field-modifier">?</span>
              <span>:</span>
            </span>
            <span class="ty"><span class="type-boolean type-primitive">boolean</span>
            </span>
          </h2>
          <div class="missing-doc">no documentation :(</div>
          <h2 class="field-title">
            <span class="kind">field</span>
            <span class="field-key">
              <span class="field-id">string_type</span>
              <span class="field-modifier">?</span>
              <span>:</span>
            </span>
            <span class="ty"><span class="type-string type-primitive">string</span>
            </span>
          </h2>
          <div class="missing-doc">no documentation :(</div>
          <h2 class="field-title">
            <span class="kind">field</span>
            <span class="field-key">
              <span class="field-id">datetime_type</span>
              <span class="field-modifier">?</span>
              <span>:</span>
            </span>
            <span class="ty"><span class="type-datetime type-primitive">datetime</span>
            </span>
          </h2>
          <div class="missing-doc">no documentation :(</div>
          <h2 class="field-title">
            <span class="kind">field</span>
            <span class="field-key">
              <span class="field-id">unsigned_32</span>
              <span class="field-modifier">?</span>
              <span>:</span>
            </span>
            <span class="ty"><span class="type-u32 type-primitive">u32</span>
            </span>
          </h2>
          <div class="missing-doc">no documentation :(</div>
          <h2 class="field-title">
            <span class="kind">field</span>
            <span class="field-key">
              <span class="field-id">unsigned_64</span>
              <span class="field-modifier">?</span>
              <span>:</span>
            </span>
            <span class="ty"><span class="type-u32 type-primitive">u32</span>
            </span>
          </h2>
          <div class="missing-doc">no documentation :(</div>
          <h2 class="field-title">
            <span class="kind">field</span>
            <span class="field-key">
              <span class="field-id">signed_32</span>
              <span class="field-modifier">?</span>
              <span>:</span>
            </span>
            <span class="ty"><span class="type-i32 type-primitive">i32</span>
            </span>
          </h2>
          <div class="missing-doc">no documentation :(</div>
          <h2 class="field-title">
            <span class="kind">field</span>
            <span class="field-key">
              <span class="field-id">signed_64</span>
              <span class="field-modifier">?</span>
              <span>:</span>
            </span>
            <span class="ty"><span class="type-i64 type-primitive">i64</span>
            </span>
          </h2>
          <div class="missing-doc">no documentation :(</div>
          <h2 class="field-title">
            <span class="kind">field</span>
            <span class="field-key">
              <span class="field-id">float_type</span>
              <span class="field-modifier">?</span>
              <span>:</span>
            </span>
            <span class="ty"><span class="type-float type-primitive">float</span>
            </span>
          </h2>
          <div class="missing-doc">no documentation :(</div>
          <h2 class="field-title">
            <span class="kind">field</span>
            <span class="field-key">
              <span class="field-id">double_type</span>
              <span class="field-modifier">?</span>
              <span>:</span>
            </span>
            <span class="ty"><span class="type-double type-primitive">double</span>
            </span>
          </h2>
          <div class="missing-doc">no documentation :(</div>
          <h2 class="field-title">
            <span class="kind">field</span>
            <span class="field-key">
              <span class="field-id">bytes_type</span>
              <span class="field-modifier">?</span>
              <span>:</span>
            </span>
            <span class="ty"><span class="type-bytes type-primitive">bytes</span>
            </span>
          </h2>
          <div class="missing-doc">no documentation :(</div>
          <h2 class="field-title">
            <span class="kind">field</span>
            <span class="field-key">
              <span class="field-id">any_type</span>
              <span class="field-modifier">?</span>
              <span>:</span>
            </span>
            <span class="ty"><span class="type-any type-primitive">any</span>
            </span>
          </h2>
          <div class="missing-doc">no documentation :(</div>
          <h2 class="field-title">
            <span class="kind">field</span>
            <span class="field-key">
              <span class="field-id">array_type</span>
              <span class="field-modifier">?</span>
              <span>:</span>
            </span>
            <span class="ty"><span class="type-array">
              <span class="type-array-left">[</span>
              <span class="ty"><span class="type-rp-name">
                <a class="name-local" href="type.Entry.html">Entry</a>
              </span>
              </span><span class="type-array-right">]</span>
            </span>
            </span>
          </h2>
          <div class="missing-doc">no documentation :(</div>
          <h2 class="field-title">
            <span class="kind">field</span>
            <span class="field-key">
              <span class="field-id">map_type</span>
              <span class="field-modifier">?</span>
              <span>:</span>
            </span>
            <span class="ty"><span class="type-map">
              <span class="type-map-left">{</span>
              <span class="ty"><span class="type-string type-primitive">string</span>
              </span><span class="type-map-sep">:</span>
              <span class="ty"><span class="type-rp-name">
                <a class="name-local" href="type.Entry.html">Entry</a>
              </span>
              </span><span class="type-map-right">}</span>
            </span>
            </span>
          </h2>
          <div class="missing-doc">no documentation :(</div>
        </div>
      </section>
    </div>
  </body>
</html>
