<html><head><link rel="stylesheet" type="text/css" href="normalize.css"><link rel="stylesheet" type="text/css" href="doc.css"></head><body><section class="packages"><h1>Packages</h1><ul class="packages-list"><li><b>test</b></li></ul></section><section id="Example" class="section-service"><h1>Example<span class="type">service</span></h1><section class="section-body"><div class="description"><h1>HUGE Example Service</h1>
<p>This is a test to see if the documentation makes <em>any</em> sense.</p>
</div><h2 class="endpoint-title get"><span class="method">GET</span><span class="url">/foo</span></h2><div class="endpoint-body"><div class="description"><p>Gets all the good stuff!
Search for a list of foos.</p>
</div><table class="returns"><tr><td class="status">404</td><td class="content-type">text/plain</td><td class="ty"><span class="ty"><span class="ty-any">any</span></span></td><td class="description"><p>resource not found</p>
<p>Something else?</p>
</td></tr><tr><td class="status">500</td><td class="content-type">application/json</td><td class="ty"><span class="ty"><span class="ty-name"><a href="#Entry">Entry</a></span></span></td><td class="description"><p>returned on internal server errors</p>
</td></tr><tr><td class="status">501</td><td class="content-type">application/json</td><td class="ty"><span class="ty"><span class="ty-name"><a href="#Entry">Entry</a></span></span></td><td class="description"><p>other, interesting stuff</p>
</td></tr></table></div><h2 class="endpoint-title post"><span class="method">POST</span><span class="url">/foo</span></h2><div class="endpoint-body"><div class="description"><p>Gets all the good stuff!
Create a new foo.</p>
</div><table class="returns"><tr><td class="status">404</td><td class="content-type">text/plain</td><td class="ty"><span class="ty"><span class="ty-any">any</span></span></td><td class="description"><p>resource not found</p>
<p>Something else?</p>
</td></tr><tr><td class="status">500</td><td class="content-type">application/json</td><td class="ty"><span class="ty"><span class="ty-name"><a href="#Entry">Entry</a></span></span></td><td class="description"><p>returned on internal server errors</p>
</td></tr><tr><td class="status">501</td><td class="content-type">application/json</td><td class="ty"><span class="ty"><span class="ty-name"><a href="#Entry">Entry</a></span></span></td><td class="description"><p>other, interesting stuff</p>
</td></tr></table></div><h2 class="endpoint-title get"><span class="method">GET</span><span class="url">/foo/{id}</span></h2><div class="endpoint-body"><div class="description"><p>Gets all the good stuff!</p>
<h1>Get the foo with the current ID.</h1>
<p>These things cannot do shit.</p>
<pre><code class="language-yaml">foo: 1234
</code></pre>
</div><table class="returns"><tr><td class="status">404</td><td class="content-type">text/plain</td><td class="ty"><span class="ty"><span class="ty-any">any</span></span></td><td class="description"><p>resource not found</p>
<p>Something else?</p>
</td></tr><tr><td class="status">500</td><td class="content-type">application/json</td><td class="ty"><span class="ty"><span class="ty-name"><a href="#Entry">Entry</a></span></span></td><td class="description"><p>returned on internal server errors</p>
</td></tr><tr><td class="status">501</td><td class="content-type">application/json</td><td class="ty"><span class="ty"><span class="ty-name"><a href="#Entry">Entry</a></span></span></td><td class="description"><p>other, interesting stuff</p>
</td></tr></table></div><h2 class="endpoint-title delete"><span class="method">DELETE</span><span class="url">/foo/{id}</span></h2><div class="endpoint-body"><div class="description"><p>Gets all the good stuff!</p>
<h1>Delete the foo with the given ID.</h1>
</div><table class="returns"><tr><td class="status">404</td><td class="content-type">text/plain</td><td class="ty"><span class="ty"><span class="ty-any">any</span></span></td><td class="description"><p>resource not found</p>
<p>Something else?</p>
</td></tr><tr><td class="status">500</td><td class="content-type">application/json</td><td class="ty"><span class="ty"><span class="ty-name"><a href="#Entry">Entry</a></span></span></td><td class="description"><p>returned on internal server errors</p>
</td></tr><tr><td class="status">501</td><td class="content-type">application/json</td><td class="ty"><span class="ty"><span class="ty-name"><a href="#Entry">Entry</a></span></span></td><td class="description"><p>other, interesting stuff</p>
</td></tr><tr><td class="status">302</td><td class="content-type">application/json</td><td class="ty"><span class="ty"><span class="ty-name"><a href="#Entry">Entry</a></span></span></td><td class="description"><p>Redirect stuff.</p>
</td></tr></table></div></section></section><section id="Entry" class="section-type"><h1>Entry<span class="type">type</span></h1><div class="description"><em>no description</em></div><div class="fields"><div class="field"><div class="name"><span>name</span><span class="modifier">:</span><span class="ty"><span class="ty-string">string</span></span></div><div class="description"><em>no description</em></div></div></div></section></body></html>