<html>
  <head>
    <meta charset="utf-8">
    <meta name="viewport" content="width=device-width, initial-scale=1.0">
    <link rel="stylesheet" type="text/css" href="../normalize.css">
    <link rel="stylesheet" type="text/css" href="../doc.css">
  </head>
  <body>
    <div class="container">
      <nav class="top">
        <a href="../index.html">Index</a>
        <span>&mdash;</span>
        <a href="../test/index.html">Package: test</a>
      </nav>
      <section id="EnumExplicit" class="section-content section-enum">
        <h1 class="section-title">
          <span class="kind">enum</span>
          <a class="name-local" href="enum.EnumExplicit.html">EnumExplicit</a>
        </h1>
        <div class="doc"><p>Explicitly assigned strings</p>
</div>
        <h3 id="EnumExplicit_A">
          <span class="kind">variant</span>
          <a class="name-part" href="enum.EnumExplicit.html">EnumExplicit</a>
          <span class="name-sep">::</span>
          <a class="name-local" href="enum.EnumExplicit.html#EnumExplicit_A">A</a>
          <span class="keyword">as</span>
          <span class="variant-ordinal">&quot;foo&quot;</span>
        </h3>
        <div class="missing-doc">no documentation :(</div>
        <h3 id="EnumExplicit_B">
          <span class="kind">variant</span>
          <a class="name-part" href="enum.EnumExplicit.html">EnumExplicit</a>
          <span class="name-sep">::</span>
          <a class="name-local" href="enum.EnumExplicit.html#EnumExplicit_B">B</a>
          <span class="keyword">as</span>
          <span class="variant-ordinal">&quot;bar&quot;</span>
        </h3>
        <div class="missing-doc">no documentation :(</div>
      </section>
    </div>
  </body>
</html>
