<html>
  <head>
    <meta charset="utf-8">
    <meta name="viewport" content="width=device-width, initial-scale=1.0">
    <link rel="stylesheet" type="text/css" href="normalize.css">
    <link rel="stylesheet" type="text/css" href="doc.css">
  </head>
  <body>
    <h1 class="document-title">
      Package: test
    </h1>
    <div class="grid-container">
      <div class="grid-overview">
        <section class="section-content section-packages">
  <h1 class="section-title">Packages</h1>
  <div class="section-body">
    <ul class="packages-list">
      <li><b>test</b></li>
    </ul>
  </div>
</section>
<section class="section-content section-types-overview">
  <h1 class="section-title">Types</h1>
  <div class="section-body">
    <h2>
      <a href="#Entry">Entry</a>
    </h2>
    <h2>
      <a href="#Tuple1">Tuple1</a>
    </h2>
    <div class="description"><p>Tuple containing primitive.</p>
</div>
    <h2>
      <a href="#Tuple2">Tuple2</a>
    </h2>
    <div class="description"><p>Tuple containing object.</p>
</div>
    <h2>
      <a href="#Other">Other</a>
    </h2>
    <div class="description"><p>Complex object.</p>
</div>
  </div>
</section>

      </div>
      <div class="grid-decls">
        <section id="Entry" class="section-content section-type">
  <h1 class="section-title">
    <a class="link" href="#Entry">Entry</a>
    <span class="type">type</span>
  </h1>
  <div class="section-body">
    <div class="fields">
      <h2>Fields</h2>
      <table class="spaced">
        <tr classes="field optional">
          <td class="mime">
            <span class="field-ident">tuple1</span>
            <span class="field-modifier">?</span>
          </td>
          <td class="type">
            <span class="ty"><span class="type-rp-name">
              <a href="#Tuple1">Tuple1</a>
            </span>
            </span>
          </td>
          <td class="description">
          </td>
        </tr>
        <tr classes="field optional">
          <td class="mime">
            <span class="field-ident">tuple2</span>
            <span class="field-modifier">?</span>
          </td>
          <td class="type">
            <span class="ty"><span class="type-rp-name">
              <a href="#Tuple2">Tuple2</a>
            </span>
            </span>
          </td>
          <td class="description">
          </td>
        </tr>
      </table>
    </div>
  </div>
</section>
<section id="Tuple1" class="section-content section-tuple">
  <h1 class="section-title">
    <a class="link" href="#Tuple1">Tuple1</a>
    <span class="type">tuple</span>
  </h1>
  <div class="section-body">
    <div class="description"><p>Tuple containing primitive.</p>
</div>
    <div class="fields">
      <h2>Fields</h2>
      <table class="spaced">
        <tr classes="field required">
          <td class="mime">
            <span class="field-ident">a</span>
          </td>
          <td class="type">
            <span class="ty"><span class="type-string">
              <code class="type-name">string</code>
            </span>
            </span>
          </td>
          <td class="description">
          </td>
        </tr>
        <tr classes="field required">
          <td class="mime">
            <span class="field-ident">b</span>
          </td>
          <td class="type">
            <span class="ty"><span class="type-unsigned">
              <code class="type-name">unsigned</code>
              <span class="type-size-sep">/</span>
              <span class="type-size">64</span>
            </span>
            </span>
          </td>
          <td class="description">
          </td>
        </tr>
      </table>
    </div>
  </div>
</section>
<section id="Tuple2" class="section-content section-tuple">
  <h1 class="section-title">
    <a class="link" href="#Tuple2">Tuple2</a>
    <span class="type">tuple</span>
  </h1>
  <div class="section-body">
    <div class="description"><p>Tuple containing object.</p>
</div>
    <div class="fields">
      <h2>Fields</h2>
      <table class="spaced">
        <tr classes="field required">
          <td class="mime">
            <span class="field-ident">a</span>
          </td>
          <td class="type">
            <span class="ty"><span class="type-string">
              <code class="type-name">string</code>
            </span>
            </span>
          </td>
          <td class="description">
          </td>
        </tr>
        <tr classes="field required">
          <td class="mime">
            <span class="field-ident">b</span>
          </td>
          <td class="type">
            <span class="ty"><span class="type-rp-name">
              <a href="#Other">Other</a>
            </span>
            </span>
          </td>
          <td class="description">
          </td>
        </tr>
      </table>
    </div>
  </div>
</section>
<section id="Other" class="section-content section-type">
  <h1 class="section-title">
    <a class="link" href="#Other">Other</a>
    <span class="type">type</span>
  </h1>
  <div class="section-body">
    <div class="description"><p>Complex object.</p>
</div>
    <div class="fields">
      <h2>Fields</h2>
      <table class="spaced">
        <tr classes="field required">
          <td class="mime">
            <span class="field-ident">a</span>
          </td>
          <td class="type">
            <span class="ty"><span class="type-string">
              <code class="type-name">string</code>
            </span>
            </span>
          </td>
          <td class="description">
          </td>
        </tr>
      </table>
    </div>
  </div>
</section>

      </div>
    </div>
  </body>
</html>
